▶ loading file:///D:/봉담/봉담지킴이_게시용_v338_final.html
  loaded in 0.9s
▶ 시작하기
    💬 [나] (방과 후, 오늘도 문화의집에 들렀다.)
    💬 [나] (그런데 오늘은 문화의집 선생님이 3층으로 나를 부르셨다… 무슨 일일까?)
  🗺  === 스테이지 101 · 봉담청소년문화의집 (3층) ===
  📸 map_101_s0.png
  · s0 stg=101 (0.706,0.262) hp=100 q=prologue 0/1 정화=0 → 선생님@0.518,0.211
    💬 [문화의집 선생님] 네가 그동안 문화의집 활동에도 꾸준히 참여하고, 봉사활동도 열심히 해 줬잖아.
    💬 [문화의집 선생님] 새로 온 친구들이 어색하지 않게 챙겨 준 것도 선생님들이 다 알고 있어.
    💬 [문화의집 선생님] 그래서 작은 선물을 준비했어. 「봉담 활동 배지」야.
    💬 [문화의집 선생님] 실은 부탁도 하나 있어. 요즘 봉담 곳곳에 손이 덜 간 곳이 늘어서, 문화의집이 «봉담 안전지도 만들기»를 시작했거든.
    💬 [문화의집 선생님] 동네를 돌면서 위험한 곳은 정리하고, 좋은 시설은 직접 가서 확인해 지도를 채워 줬으면 해.
    💬 [문화의집 선생님] 네가 완성한 지도는 다음 지킴이들에게 물려줄, 봉담의 안전 교과서가 될 거야.
    💬 [문화의집 선생님] 특별한 물건은 아니야. …아마도. 지금까지 열심히 참여했다는 표시니까 잘 간직해 줘.
    💬 [문화의집 선생님] 온 김에 바로 가지 말고 놀다가 가. PC존이나 노래연습실도 들렀다 가도 돼.
  · s1 stg=101 (0.557,0.313) hp=100 q=prologue 0/1 정화=0 → 엘리베이터@0.688,0.080
  ⚠ 이동 실패 mode=dialogue → 엘리베이터@0.688,0.080
  📸 WALL_s1.png
    💬 [문화의집 선생님] 왔구나. 오늘도 와 줘서 고마워.
    💬 [나] 쓰레기가 잔뜩 쌓여 악취가 난다. 이대로 두면 병이 생길지도 몰라.
    💬 [나] 지킴이 배지가 희미하게 빛나기 시작한다. 불안의 그림자가 숨어 있어.
    💬 [나] 배지를 비춰 정화하자!
    💬 [담이] ✨담이나가기 전에 하나만 더! M 키(또는 왼쪽 아래 저를 클릭)를 눌러 「봉담 안전지도」를 열어봐요
    ⚔ 전투 시작
    ⚔ undefined 53/53 내HP=100 → ✨정화 스티커 [Q]타이밍 링 [✨정화 스티커 [Q]타이밍 링 ·|🏅배지 스킬 [E]카드에서 골라|🎒아이템 [I]전투 중에도 회복|🏃물러나기 [ESC]전투 종료 ]
    ⚔ undefined 53/53 내HP=100 → ✨정화 스티커 [Q]타이밍 링 [✨정화 스티커 [Q]타이밍 링 ·|🏅배지 스킬 [E]카드에서 골라|🎒아이템 [I]전투 중에도 회복|🏃물러나기 [ESC]전투 종료 ]
    ⚔ undefined 53/53 내HP=100 → ✨정화 스티커 [Q]타이밍 링 [✨정화 스티커 [Q]타이밍 링 ·|🏅배지 스킬 [E]카드에서 골라|🎒아이템 [I]전투 중에도 회복|🏃물러나기 [ESC]전투 종료 ]
    ⚔ undefined 53/53 내HP=100 → ✨정화 스티커 [Q]타이밍 링 [✨정화 스티커 [Q]타이밍 링 ·|🏅배지 스킬 [E]카드에서 골라|🎒아이템 [I]전투 중에도 회복|🏃물러나기 [ESC]전투 종료 ]
    ⚔ undefined 53/53 내HP=100 → ✨정화 스티커 [Q]타이밍 링 [✨정화 스티커 [Q]타이밍 링 ·|🏅배지 스킬 [E]카드에서 골라|🎒아이템 [I]전투 중에도 회복|🏃물러나기 [ESC]전투 종료 ]
    ⚔ undefined 53/53 내HP=100 → ✨정화 스티커 [Q]타이밍 링 [✨정화 스티커 [Q]타이밍 링 ·|🏅배지 스킬 [E]카드에서 골라|🎒아이템 [I]전투 중에도 회복|🏃물러나기 [ESC]전투 종료 ]
    ✖ 전투 교착 (적 HP 변화 없음)
  📸 BLOCK_battle_stall.png
    ⚔ 전투 시작
    ⚔ undefined 53/53 내HP=100 → ✨정화 스티커 [Q]타이밍 링 [✨정화 스티커 [Q]타이밍 링 ·|🏅배지 스킬 [E]카드에서 골라|🎒아이템 [I]전투 중에도 회복|🏃물러나기 [ESC]전투 종료 ]
    ⚔ undefined 53/53 내HP=100 → ✨정화 스티커 [Q]타이밍 링 [✨정화 스티커 [Q]타이밍 링 ·|🏅배지 스킬 [E]카드에서 골라|🎒아이템 [I]전투 중에도 회복|🏃물러나기 [ESC]전투 종료 ]
    ⚔ undefined 53/53 내HP=100 → ✨정화 스티커 [Q]타이밍 링 [✨정화 스티커 [Q]타이밍 링 ·|🏅배지 스킬 [E]카드에서 골라|🎒아이템 [I]전투 중에도 회복|🏃물러나기 [ESC]전투 종료 ]
    ⚔ undefined 53/53 내HP=100 → ✨정화 스티커 [Q]타이밍 링 [✨정화 스티커 [Q]타이밍 링 ·|🏅배지 스킬 [E]카드에서 골라|🎒아이템 [I]전투 중에도 회복|🏃물러나기 [ESC]전투 종료 ]
    ⚔ undefined 53/53 내HP=100 → ✨정화 스티커 [Q]타이밍 링 [✨정화 스티커 [Q]타이밍 링 ·|🏅배지 스킬 [E]카드에서 골라|🎒아이템 [I]전투 중에도 회복|🏃물러나기 [ESC]전투 종료 ]
    ⚔ undefined 53/53 내HP=100 → ✨정화 스티커 [Q]타이밍 링 [✨정화 스티커 [Q]타이밍 링 ·|🏅배지 스킬 [E]카드에서 골라|🎒아이템 [I]전투 중에도 회복|🏃물러나기 [ESC]전투 종료 ]
    ✖ 전투 교착 (적 HP 변화 없음)
  📸 BLOCK_battle_stall.png
    ⚔ 전투 시작
    ⚔ undefined 53/53 내HP=100 → ✨정화 스티커 [Q]타이밍 링 [✨정화 스티커 [Q]타이밍 링 ·|🏅배지 스킬 [E]카드에서 골라|🎒아이템 [I]전투 중에도 회복|🏃물러나기 [ESC]전투 종료 ]
    💬 [담이] 🔰담이여기서 ▌
    💬 [담이] 🔰담이여기서 내 위치(파란 점 「나」), 위험요소(⚠▌
    💬 [담이] 🔰담이여기서 내 위치(파란 점 「나」), 위험요소(⚠), 주요 시설을 한눈에 볼 수 있어요
    ⚔ undefined 53/53 내HP=100 → ✨정화 스티커 [Q]타이밍 링 [✨정화 스티커 [Q]타이밍 링 ·|🏅배지 스킬 [E]카드에서 골라|🎒아이템 [I]전투 중에도 회복|🏃물러나기 [ESC]전투 종료 ]
    💬 [담이] 🔰담이아직 가 보지 않은 ▌
    ⚔ undefined 53/53 내HP=100 → ✨정화 스티커 [Q]타이밍 링 [✨정화 스티커 [Q]타이밍 링 ·|🏅배지 스킬 [E]카드에서 골라|🎒아이템 [I]전투 중에도 회복|🏃물러나기 [ESC]전투 종료 ]
    💬 [담이] 🔰담이아직 가 보지 않은 시설은 흑백으로 보여요. 직접 방문하면 ▌
    💬 [담이] 🔰담이아직 가 보지 않은 시설은 흑백으로 보여요. 직접 방문하면 색이 켜지고 ✓ 가 붙어요!
    ⚔ undefined 53/53 내HP=100 → ✨정화 스티커 [Q]타이밍 링 [✨정화 스티커 [Q]타이밍 링 ·|🏅배지 스킬 [E]카드에서 골라|🎒아이템 [I]전투 중에도 회복|🏃물러나기 [ESC]전투 종료 ]
    💬 [담이] ❗담이가고 싶은 시설을 누르면 길을 안내▌
    💬 [담이] ❗담이가고 싶은 시설을 누르면 길을 안내해 줘요. 지금 「문화의집」을 눌러 봐요▌
    ⚔ undefined 53/53 내HP=100 → ✨정화 스티커 [Q]타이밍 링 [✨정화 스티커 [Q]타이밍 링 ·|🏅배지 스킬 [E]카드에서 골라|🎒아이템 [I]전투 중에도 회복|🏃물러나기 [ESC]전투 종료 ]
    💬 [담이] ❗담이가고 싶은 시설을 누르면 길을 안내해 줘요. 지금 「문화의집」을 눌러 봐요!
    ⚔ undefined 53/53 내HP=100 → ✨정화 스티커 [Q]타이밍 링 [✨정화 스티커 [Q]타이밍 링 ·|🏅배지 스킬 [E]카드에서 골라|🎒아이템 [I]전투 중에도 회복|🏃물러나기 [ESC]전투 종료 ]
    ✖ 전투 교착 (적 HP 변화 없음)
  📸 BLOCK_battle_stall.png
    ⚔ 전투 시작
    ⚔ undefined 53/53 내HP=100 → ✨정화 스티커 [Q]타이밍 링 [✨정화 스티커 [Q]타이밍 링 ·|🏅배지 스킬 [E]카드에서 골라|🎒아이템 [I]전투 중에도 회복|🏃물러나기 [ESC]전투 종료 ]
    ⚔ undefined 53/53 내HP=100 → ✨정화 스티커 [Q]타이밍 링 [✨정화 스티커 [Q]타이밍 링 ·|🏅배지 스킬 [E]카드에서 골라|🎒아이템 [I]전투 중에도 회복|🏃물러나기 [ESC]전투 종료 ]
    ⚔ undefined 53/53 내HP=100 → ✨정화 스티커 [Q]타이밍 링 [✨정화 스티커 [Q]타이밍 링 ·|🏅배지 스킬 [E]카드에서 골라|🎒아이템 [I]전투 중에도 회복|🏃물러나기 [ESC]전투 종료 ]
    ⚔ undefined 53/53 내HP=100 → ✨정화 스티커 [Q]타이밍 링 [✨정화 스티커 [Q]타이밍 링 ·|🏅배지 스킬 [E]카드에서 골라|🎒아이템 [I]전투 중에도 회복|🏃물러나기 [ESC]전투 종료 ]
    ⚔ undefined 53/53 내HP=100 → ✨정화 스티커 [Q]타이밍 링 [✨정화 스티커 [Q]타이밍 링 ·|🏅배지 스킬 [E]카드에서 골라|🎒아이템 [I]전투 중에도 회복|🏃물러나기 [ESC]전투 종료 ]
    ⚔ undefined 53/53 내HP=100 → ✨정화 스티커 [Q]타이밍 링 [✨정화 스티커 [Q]타이밍 링 ·|🏅배지 스킬 [E]카드에서 골라|🎒아이템 [I]전투 중에도 회복|🏃물러나기 [ESC]전투 종료 ]
    ✖ 전투 교착 (적 HP 변화 없음)
  📸 BLOCK_battle_stall.png
    ⚔ 전투 시작
    ⚔ undefined 53/53 내HP=100 → ✨정화 스티커 [Q]타이밍 링 [✨정화 스티커 [Q]타이밍 링 ·|🏅배지 스킬 [E]카드에서 골라|🎒아이템 [I]전투 중에도 회복|🏃물러나기 [ESC]전투 종료 ]
    ⚔ undefined 53/53 내HP=100 → ✨정화 스티커 [Q]타이밍 링 [✨정화 스티커 [Q]타이밍 링 ·|🏅배지 스킬 [E]카드에서 골라|🎒아이템 [I]전투 중에도 회복|🏃물러나기 [ESC]전투 종료 ]
    ⚔ undefined 53/53 내HP=100 → ✨정화 스티커 [Q]타이밍 링 [✨정화 스티커 [Q]타이밍 링 ·|🏅배지 스킬 [E]카드에서 골라|🎒아이템 [I]전투 중에도 회복|🏃물러나기 [ESC]전투 종료 ]
    ⚔ undefined 53/53 내HP=100 → ✨정화 스티커 [Q]타이밍 링 [✨정화 스티커 [Q]타이밍 링 ·|🏅배지 스킬 [E]카드에서 골라|🎒아이템 [I]전투 중에도 회복|🏃물러나기 [ESC]전투 종료 ]
    ⚔ undefined 53/53 내HP=100 → ✨정화 스티커 [Q]타이밍 링 [✨정화 스티커 [Q]타이밍 링 ·|🏅배지 스킬 [E]카드에서 골라|🎒아이템 [I]전투 중에도 회복|🏃물러나기 [ESC]전투 종료 ]
    ⚔ undefined 53/53 내HP=100 → ✨정화 스티커 [Q]타이밍 링 [✨정화 스티커 [Q]타이밍 링 ·|🏅배지 스킬 [E]카드에서 골라|🎒아이템 [I]전투 중에도 회복|🏃물러나기 [ESC]전투 종료 ]
    ✖ 전투 교착 (적 HP 변화 없음)
  📸 BLOCK_battle_stall.png
    ⚔ 전투 시작
    ⚔ undefined 53/53 내HP=100 → ✨정화 스티커 [Q]타이밍 링 [✨정화 스티커 [Q]타이밍 링 ·|🏅배지 스킬 [E]카드에서 골라|🎒아이템 [I]전투 중에도 회복|🏃물러나기 [ESC]전투 종료 ]
    💬 [담이] ✨담이좋아요! 이제 발밑▌
    💬 [담이] ✨담이좋아요! 이제 발밑 화살표가 고른 곳까지 안내해요. 지도는▌
    💬 [담이] ✨담이좋아요! 이제 발밑 화살표가 고른 곳까지 안내해요. 지도는 언제든 M 키!
    ⚔ undefined 53/53 내HP=100 → ✨정화 스티커 [Q]타이밍 링 [✨정화 스티커 [Q]타이밍 링 ·|🏅배지 스킬 [E]카드에서 골라|🎒아이템 [I]전투 중에도 회복|🏃물러나기 [ESC]전투 종료 ]
    💬 [담이] 💦담이제 안에는 봉담의 좋은 장▌
    💬 [담이] 💦담이제 안에는 봉담의 좋은 장소와 안전 신호를 기록하는 지도가 있어요▌
    💬 [담이] 💦담이제 안에는 봉담의 좋은 장소와 안전 신호를 기록하는 지도가 있어요. 그런데 아직 빈칸투성이네요.
    ⚔ undefined 32/53 내HP=95 → ✨정화 스티커 [Q]타이밍 링 [✨정화 스티커 [Q]타이밍 링 ·|🏅배지 스킬 [E]카드에서 골라|🎒아이템 [I]전투 중에도 회복|🏃물러나기 [ESC]전투 종료 ]
    ⚔ 증강 선택 → 🎒넉넉한 준비속성 스킬 사용 횟수 +1[1]
    ⚔ 전투 종료 (16s)
    💬 [담이] 🔰담이저는 담이예요. 이 배지에 깃든 마음이고요
    ▸ 모달 처리: bd-result-modal → 확인
  🗺  === 스테이지 212 · [4개 리 월드] 와우리 복합문화권 ===
  📸 map_212_s9.png
    💬 [담이] 🔰담이우리 같이 동네를 돌아보면서 어떤 장소가 있는지 기록해 볼래요?
    💬 [담이] 🔰담이봤죠? 그림▌
    💬 [담이] 🔰담이봤죠? 그림자가 걷히니까 진짜로 깨끗해졌어요. 이게 정화예요!
    💬 [담이] ✨담이동네를 아끼는 마음들이 오래▌
    💬 [담이] ✨담이동네를 아끼는 마음들이 오래 모여서, 저처럼 말을 하게 됐대요
    💬 [담이] 🔰담이▌
    💬 [담이] 🔰담이제 지도는 M 키나, 저를(왼쪽▌
    💬 [담이] 🔰담이제 지도는 M 키나, 저를(왼쪽 아래 배지) 누르면 언제든 볼▌
    💬 [담이] 🔰담이제 지도는 M 키나, 저를(왼쪽 아래 배지) 누르면 언제든 볼 수 있어요. 위험을 정화하고 ▌
    💬 [담이] 🔰담이제 지도는 M 키나, 저를(왼쪽 아래 배지) 누르면 언제든 볼 수 있어요. 위험을 정화하고 시설을 방문할수록 칸이 채워져요▌
    💬 [담이] 🔰담이제 지도는 M 키나, 저를(왼쪽 아래 배지) 누르면 언제든 볼 수 있어요. 위험을 정화하고 시설을 방문할수록 칸이 채워져요.
    💬 [담이] 🔰담이제 빛만으론 안 돼요. ▌
    💬 [담이] 🔰담이제 빛만으론 안 돼요. 당신이 앞에 서 줘야 힘이 생기▌
    💬 [담이] 🔰담이제 빛만으론 안 돼요. 당신이 앞에 서 줘야 힘이 생기거든요.
    💬 [담이] ✨담이앞으로▌
    💬 [담이] ✨담이앞으로 잘 부탁해요. 위험한 건 제가▌
    💬 [담이] ✨담이앞으로 잘 부탁해요. 위험한 건 제가 먼저 알려드릴게요!
    💬 [담이] 🔰담이봉▌
    💬 [담이] 🔰담이봉담 곳곳에 이런 곳이 아직 남아▌
    💬 [담이] 🔰담이봉담 곳곳에 이런 곳이 아직 남아 있어요. 우선 이 동네부터 차▌
    💬 [담이] 🔰담이봉담 곳곳에 이런 곳이 아직 남아 있어요. 우선 이 동네부터 차근차근 해요.
  · s17 stg=212 (0.259,0.313) hp=90 q=ch1 14/100 정화=1 → 이야기 듣기@0.373,0.432
    💬 [은지] 있잖아, 요즘 좀 신경 쓰이는 게 있어.
    💬 [은지] 길을 막은 킥보드 때문에 유모차랑 휠체어가 못 지나가서 다들 차도로 돌아가고 있어.
    💬 [은지] 너 배지 받았다며? 그럼 부탁해도 되지?
    💬 [담이] ✨담이한 동네의 지도를 다 채우면 그 동네 사람들의 마음이 모여서, 새로운 정화법이 제 힘(스킬)이 돼요!
  · s18 stg=212 (0.413,0.486) hp=90 q=ch1 14/100 정화=1 → 정화하기@0.195,0.442
    💬 [나] 킥보드가 길을 완전히 막고 있다. 이러다 누가 걸려 넘어지겠어.
    💬 [담이] 🔰담이❗ 표시가 뜬 주민에게 말을 걸면 부탁을 받을 수 있어요. 한 동네를 다 돌보면 다음 동네 소식이 올 거예요!
    💬 ⟨선택⟩ ▶🔍 조사한다 / ▶🚶 오늘은 그냥 지나간다
    ⚔ 전투 시작
    ⚔ undefined 49/49 내HP=90 → ✨정화 스티커 [Q]타이밍 링 [✨정화 스티커 [Q]타이밍 링 ·|🏅배지 스킬 [E]카드에서 골라|🎒아이템 [I]전투 중에도 회복|🏃물러나기 [ESC]전투 종료 ]
    💬 [담이] ✨담이먼저 바▌
    💬 [담이] ✨담이먼저 바로 이 건물부터 확인해 봐요. 1층과 2층은 봉담와우도서관이고, 우▌
    💬 [담이] ✨담이먼저 바로 이 건물부터 확인해 봐요. 1층과 2층은 봉담와우도서관이고, 우리가 있던 봉담청소년문화의▌
    💬 [담이] ✨담이먼저 바로 이 건물부터 확인해 봐요. 1층과 2층은 봉담와우도서관이고, 우리가 있던 봉담청소년문화의집은 3층에 있어요.
    ⚔ 증강 선택 → 🎯날카로운 눈치명타 확률 +10%p[1]
    ⚔ 전투 종료 (11s)
    💬 [담이] ❗담이앗, 저기 문화의집 앞에 쓰레기가 쌓여 있어요. 가까이 가서 F 키!
    ▸ 모달 처리: bd-result-modal → 확인
    💬 [담이] ✨담이첫 정화 완료! 잠깐▌
  · s20 stg=212 (0.234,0.486) hp=73 q=ch1 28/100 정화=2 → 🏪 와우약국@0.316,0.427
    💬 [담이] ✨담이첫 정화 완료! 잠깐 — 동네 가게 이용법도 알려드릴게요.
    ▸ 모달 처리: bd-shop-modal → 닫기
    💬 [담이] 🔰담이가까운 가게 ▌
    💬 [담이] ❗담이간식이나 장비를 하나 사 봐요! 산 물건은 가방(E)에서▌
    ▸ 모달 처리: bd-shop-modal → 닫기
    💬 [담이] ✨담이동네마다 가▌
    💬 [담이] ✨담이동네마다 가게가 있고, 파는 물건이 조금씩 달라요. 새 동네에 가면 한 번씩 들러 보세요!
    ▸ 모달 처리: bd-shop-modal → 닫기
    ▸ 모달 처리: bd-shop-modal → 닫기
  · s24 stg=212 (0.344,0.479) hp=73 q=ch1 28/100 정화=2 → 보고하기@0.373,0.432
    💬 [은지] 킥보드 치워 줘서 길이 뻥 뚫렸어! 다들 좋아하더라.
    💬 [은지] 정말 고마워! 약소하지만 이거 받아 줘.
    💬 [은지] 우리도 킥보드는 꼭 정해진 곳에 세우자.
    💬 [은지] 아, 그리고 세아도 뭔가 걱정이 있어 보이던데 한번 들러 봐.
    💬 [담이] ✨담이수▌
  · s25 stg=212 (0.408,0.489) hp=73 q=ch1 28/100 정화=2 → 이야기 듣기@0.649,0.093
    💬 [세아] 야, 마침 잘 왔다!
    💬 [세아] 쓰러진 자전거 때문에 어젯밤에 지나가던 분이 걸려 넘어질 뻔했어.
    💬 [세아] 네가 좀 도와줄래? 나도 나중에 꼭 갚을게!
    💬 [담이] ✨담이수첩에 기록했어요! 위쪽 📔 버튼에서 언제든 다시 볼 수 있어요
  · s26 stg=212 (0.682,0.154) hp=73 q=ch1 28/100 정화=2 → 정화하기@0.575,0.020
    💬 [세아] 가까이 가서 F로 조사하면 돼.
    ▸ 선택: ▶🔍 조사한다
    💬 [나] 자전거가 인도를 가로막고 쓰러져 있다. 걷다가 걸려 넘어지겠어.
    ⚔ 전투 시작
    ⚔ undefined 45/45 내HP=73 → ✨정화 스티커 [Q]타이밍 링 [✨정화 스티커 [Q]타이밍 링 ·|🏅배지 스킬 [E]카드에서 골라|🎒아이템 [I]전투 중에도 회복|🏃물러나기 [ESC]전투 종료 ]
    💬 [담이] ❗담이…어? 들려▌
    ⚔ 증강 선택 → 🔍약점 분석약점 공격 피해 보너스 +25%p[1]
    ⚔ 전투 종료 (8s)
    💬 [담이] ❗담이…어? 들려요? 제 목소리, 들리는구나!
    ▸ 모달 처리: bd-result-modal → 확인
  · s28 stg=212 (0.636,0.080) hp=68 q=ch1 42/100 정화=3 → 보고하기@0.649,0.093
    💬 [세아] 자전거 정리해 줘서 이제 밤길도 안심이야!
    💬 [세아] 정말 고마워! 약소하지만 이거 받아 줘.
    💬 [세아] 자전거는 거치대에, 넘어진 건 세워 두자.
    💬 [세아] 참, 박 반장이 너 찾던데? 한번 가 봐!
  · s29 stg=212 (0.682,0.151) hp=68 q=ch1 42/100 정화=3 → 이야기 듣기@0.752,0.495
    💬 [박 반장] 경비실 박 반장이야. 애들 지나가는 길인데 말이야,
    💬 [박 반장] 떠도는 담배 연기 때문에 골목을 지날 때마다 숨이 턱 막혀.
    💬 [박 반장] 내가 매번 말릴 수도 없고… 부탁 좀 하자.
  · s30 stg=212 (0.776,0.540) hp=68 q=ch1 42/100 정화=3 → 정화하기@0.672,0.444
    💬 [나] 매캐한 담배 연기가 자욱하다. 숨쉬기가 힘들 정도야...
    ⚔ 전투 시작
    ⚔ undefined 49/49 내HP=68 → ✨정화 스티커 [Q]타이밍 링 [✨정화 스티커 [Q]타이밍 링 ·|🏅배지 스킬 [E]카드에서 골라|🎒아이템 [I]전투 중에도 회복|🏃물러나기 [ESC]전투 종료 ]
    💬 [담이] ✨담이정화 완료! 봉담이 조▌
    💬 [담이] ✨담이정화 완료! 봉담이 조금 더 안전해졌어요
    ⚔ 증강 선택 → 💰알뜰 살림주민 보상 소지금 +30%[1]
    ⚔ 전투 종료 (11s)
    ▸ 모달 처리: bd-result-modal → 확인
  · s32 stg=212 (0.697,0.483) hp=58 q=ch1 57/100 정화=4 → 보고하기@0.752,0.495
    💬 [박 반장] 연기가 걷히니까 이제 창문을 활짝 열 수 있어!
    💬 [박 반장] 정말 고마워! 약소하지만 이거 받아 줘.
    💬 [박 반장] 담배 연기는 피하고, 어른께 말해서 옮겨 달라고 하자.
    💬 [박 반장] 덕분에 이 동네가 한결 안전해졌어. 정말 고마워!
  · s33 stg=212 (0.779,0.543) hp=58 q=ch1 57/100 정화=4 → 📍 해피24 편의점@0.824,0.441
    ▸ 패널 닫기: bd-district-facility-modal
  · s34 stg=212 (0.843,0.476) hp=58 q=ch1 57/100 정화=4 → 📍 봉담파출소@0.813,0.099
    ▸ 패널 닫기: bd-district-facility-modal
  · s36 stg=212 (0.833,0.139) hp=58 q=ch1 71/100 정화=4 → 📍 봉담파출소@0.813,0.099
  · s37 stg=212 (0.833,0.139) hp=58 q=ch1 71/100 정화=4 → 📍 와우약국@0.316,0.427
    ▸ 패널 닫기: bd-district-facility-modal
  · s39 stg=212 (0.344,0.463) hp=58 q=ch1 71/100 정화=4 → 📍 봉담와우도서관·청소년문화의집@0.198,0.256
◇ 청크0 종료: ok=true reason=steps-exhausted cleared=false stg=212 정화=4 경과=5.3분
  📸 chunk00_stg212.png
    💬 [담이] ✨담이제 지도에 「봉▌
    ▸ 시설에서 휴식 (HP 58)
  🗺  === 스테이지 212 · [4개 리 월드] 와우리 복합문화권 ===
  📸 map_212_s0.png
  · s0 stg=212 (0.216,0.286) hp=115 q=ch1 85/100 정화=4 → 📍 봉담와우도서관·청소년문화의집@0.198,0.256
  ⚠ 이동 실패 no-way → 📍 봉담와우도서관·청소년문화의집@0.198,0.256
  📸 WALL_s0.png
    💬 [나] (봉담와우도서관·청소년문화의집에서 편안히 휴식을 즐겼다!)
    💬 [나] (체력이 모두 회복됐다!)
    💬 [담이] ✨담이제 지도에 「봉담와우도서관」 스탬프가 새겨졌어요! (2개째)
  · s1 stg=212 (0.216,0.286) hp=115 q=ch1 85/100 정화=4 → 📍 와우리문화공원@0.212,0.091
    ▸ 패널 닫기: bd-district-facility-modal
  ⚠ 이동 실패 mode=dialogue → 📍 와우리문화공원@0.212,0.091
  📸 WALL_s2.png
    💬 [-] — 세아와 함께 와우도서관에서 즐거운 오후를 보냈다. —
    💬 [나] (와우리 주민들의 부탁은… 이걸로 다 해결한 것 같네.)
    💬 [담이] 🔰담이잘했어요! "노트 부채질"을 배웠네요. 탁한 공기를 걷어내면 그 속에 뭉쳐 있던 그림자도 흩어져요.
    💬 [나] (휴— 동네가 조금은 편안해진 기분이야.)
    💬 [담이] 🔰담이…그리고요, 배지가 조금 따뜻해졌어요. 기분 탓▌
    ▸ 패널 닫기: bd-district-facility-modal
  · s4 stg=212 (0.229,0.150) hp=115 q=ch2 0/100 정화=4 → 상리로 가기@0.480,0.974
  ⚠ 이동 실패 mode=dialogue → 상리로 가기@0.480,0.974
  📸 WALL_s4.png
    💬 [세아] 야, 뭐 해? 지금 혹시 도와줄 수 있어…?
    💬 [세아] 내 친구 서연이 상리에서 도서관 앞 골목에 술병이 나뒹굴어서 밤길이 무섭다고 하더라고.
    💬 [세아] 너라면 어떻게든 해 줄 것 같아서. 부탁해도 될까?
    💬 [담이] ✨담이안전 조각이 지도에▌
  ⚠ 이동 실패 mode=dialogue → 상리로 가기@0.480,0.974
  📸 WALL_s5.png
    💬 [담이] ✨담이제 지도의 와우리 칸이 전부 밝아졌어요! 그 마음이 「노트 부채질」 ▌
    ▸ 패널 닫기: bd-district-facility-modal
    💬 [담이] 🔰담이이제 상리 차례예요! 화살표를 따라 도로 끝까지 가면 넘어갈 수 있어요.
    💬 [담이] 💦담이공원이 많은 동네네요! 그런데… 벤치 쪽에서 차가운 기운이 느껴져요.
    ▸ 패널 닫기: bd-district-facility-modal
  🗺  === 스테이지 213 · [4개 리 월드] 상리·외곽 연계권 ===
  📸 map_213_s8.png
  · s8 stg=213 (0.838,0.166) hp=115 q=ch2 0/100 정화=4 → 이야기 듣기@0.645,0.280
  ⚠ 이동 실패 mode=dialogue → 이야기 듣기@0.645,0.280
  📸 WALL_s8.png
    💬 [사서 도현] 공원에서 늘 놀던 서연이가 요즘 저녁엔 안 보여요. 무슨 일인지 물어봐 주시겠어요?
    💬 [나] 네, 먼저 이야기부터 들어볼게요.
    💬 [서연] 지킴이! 나 부탁 하나만!
    💬 [서연] 나뒹구는 술병 때문에 밤길이 무섭고 언제 깨질지 몰라 불안해.
    💬 [서연] 어른한테 말해도 잘 안 들어줘…
  · s10 stg=213 (0.654,0.366) hp=115 q=ch2 0/100 정화=4 → 정화하기@0.647,0.444
    💬 [나] 방치된 술병이 나뒹군다. 깨지면 정말 위험하겠어.
    💬 [담이] ❗담이변덕▌
    ⚔ 전투 시작
    💬 [담이] ❗담이변덕스러운 상대예요! 약점 마▌
    ⚔ undefined 54/54 내HP=115 → ✨정화 스티커 [Q]타이밍 링 [✨정화 스티커 [Q]타이밍 링 ·|🏅배지 스킬 [E]카드에서 골라|🎒아이템 [I]전투 중에도 회복|🏃물러나기 [ESC]전투 종료 ]
    💬 [담이] ❗담이변덕스러운 상대예요! 약점 마크가 바뀌면 스킬도 바꿔 주세요
    💬 [담이] ✨담이새 배지 스킬 「노트 부채질」 🌀 을 배▌
    💬 [담이] ✨담이새 배지 스킬 「노트 부채질」 🌀 을 배웠어요! 카드에서 골라 ▌
    💬 [담이] ✨담이새 배지 스킬 「노트 부채질」 🌀 을 배웠어요! 카드에서 골라 써 봐요
    💬 [담이] 🔰담이이건 ▌
    💬 [담이] 🔰담이이건 연타예요! 1.2초 동안 최대한 빠르게 ▌
    ⚔ undefined 30/54 내HP=109 → ✨정화 스티커 [Q]타이밍 링 [✨정화 스티커 [Q]타이밍 링 ·|🏅배지 스킬 [E]카드에서 골라|🎒아이템 [I]전투 중에도 회복|🏃물러나기 [ESC]전투 종료 ]
    💬 [담이] 🔰담이이건 연타예요! 1.2초 동안 최대한 빠르게 눌러요
    ⚔ undefined 30/54 내HP=109 → ✨정화 스티커 [Q]타이밍 링 [✨정화 스티커 [Q]타이밍 링 ·|🏅배지 스킬 [E]카드에서 골라|🎒아이템 [I]전투 중에도 회복|🏃물러나기 [ESC]전투 종료 ]
    💬 [담이] ❗담이직접 한 번 써▌
    💬 [담이] ❗담이직접 한 번 써 봐요! 「노트 부채질」 를 골라 주세요▌
    💬 [담이] ❗담이직접 한 번 써 봐요! 「노트 부채질」 를 골라 주세요
    ⚔ undefined 30/54 내HP=109 → ✨정화 스티커 [Q]타이밍 링 [✨정화 스티커 [Q]타이밍 링 ·|🏅배지 스킬 [E]카드에서 골라|🎒아이템 [I]전투 중에도 회복|🏃물러나기 [ESC]전투 종료 ]
    ⚔ undefined 30/54 내HP=109 → ✨정화 스티커 [Q]타이밍 링 [✨정화 스티커 [Q]타이밍 링 ·|🏅배지 스킬 [E]카드에서 골라|🎒아이템 [I]전투 중에도 회복|🏃물러나기 [ESC]전투 종료 ]
    ⚔ undefined 30/54 내HP=109 → ✨정화 스티커 [Q]타이밍 링 [✨정화 스티커 [Q]타이밍 링 ·|🏅배지 스킬 [E]카드에서 골라|🎒아이템 [I]전투 중에도 회복|🏃물러나기 [ESC]전투 종료 ]
    ✖ 전투 교착 (적 HP 변화 없음)
  📸 BLOCK_battle_stall.png
    ⚔ 전투 시작
    ⚔ undefined 30/54 내HP=109 → ✨정화 스티커 [Q]타이밍 링 [✨정화 스티커 [Q]타이밍 링 ·|🏅배지 스킬 [E]카드에서 골라|🎒아이템 [I]전투 중에도 회복|🏃물러나기 [ESC]전투 종료 ]
    ⚔ undefined 30/54 내HP=109 → ✨정화 스티커 [Q]타이밍 링 [✨정화 스티커 [Q]타이밍 링 ·|🏅배지 스킬 [E]카드에서 골라|🎒아이템 [I]전투 중에도 회복|🏃물러나기 [ESC]전투 종료 ]
    ⚔ undefined 30/54 내HP=109 → ✨정화 스티커 [Q]타이밍 링 [✨정화 스티커 [Q]타이밍 링 ·|🏅배지 스킬 [E]카드에서 골라|🎒아이템 [I]전투 중에도 회복|🏃물러나기 [ESC]전투 종료 ]
    ⚔ undefined 30/54 내HP=109 → ✨정화 스티커 [Q]타이밍 링 [✨정화 스티커 [Q]타이밍 링 ·|🏅배지 스킬 [E]카드에서 골라|🎒아이템 [I]전투 중에도 회복|🏃물러나기 [ESC]전투 종료 ]
    ⚔ undefined 30/54 내HP=109 → ✨정화 스티커 [Q]타이밍 링 [✨정화 스티커 [Q]타이밍 링 ·|🏅배지 스킬 [E]카드에서 골라|🎒아이템 [I]전투 중에도 회복|🏃물러나기 [ESC]전투 종료 ]
    ⚔ undefined 30/54 내HP=109 → ✨정화 스티커 [Q]타이밍 링 [✨정화 스티커 [Q]타이밍 링 ·|🏅배지 스킬 [E]카드에서 골라|🎒아이템 [I]전투 중에도 회복|🏃물러나기 [ESC]전투 종료 ]
    ✖ 전투 교착 (적 HP 변화 없음)
  📸 BLOCK_battle_stall.png
    ⚔ 전투 시작
    ⚔ undefined 30/54 내HP=109 → ✨정화 스티커 [Q]타이밍 링 [✨정화 스티커 [Q]타이밍 링 ·|🏅배지 스킬 [E]카드에서 골라|🎒아이템 [I]전투 중에도 회복|🏃물러나기 [ESC]전투 종료 ]
    ⚔ undefined 30/54 내HP=109 → ✨정화 스티커 [Q]타이밍 링 [✨정화 스티커 [Q]타이밍 링 ·|🏅배지 스킬 [E]카드에서 골라|🎒아이템 [I]전투 중에도 회복|🏃물러나기 [ESC]전투 종료 ]
    ⚔ undefined 30/54 내HP=109 → ✨정화 스티커 [Q]타이밍 링 [✨정화 스티커 [Q]타이밍 링 ·|🏅배지 스킬 [E]카드에서 골라|🎒아이템 [I]전투 중에도 회복|🏃물러나기 [ESC]전투 종료 ]
    ⚔ undefined 30/54 내HP=109 → ✨정화 스티커 [Q]타이밍 링 [✨정화 스티커 [Q]타이밍 링 ·|🏅배지 스킬 [E]카드에서 골라|🎒아이템 [I]전투 중에도 회복|🏃물러나기 [ESC]전투 종료 ]
    ⚔ undefined 30/54 내HP=109 → ✨정화 스티커 [Q]타이밍 링 [✨정화 스티커 [Q]타이밍 링 ·|🏅배지 스킬 [E]카드에서 골라|🎒아이템 [I]전투 중에도 회복|🏃물러나기 [ESC]전투 종료 ]
    ⚔ undefined 30/54 내HP=109 → ✨정화 스티커 [Q]타이밍 링 [✨정화 스티커 [Q]타이밍 링 ·|🏅배지 스킬 [E]카드에서 골라|🎒아이템 [I]전투 중에도 회복|🏃물러나기 [ESC]전투 종료 ]
    ✖ 전투 교착 (적 HP 변화 없음)
  📸 BLOCK_battle_stall.png
    ⚔ 전투 시작
    ⚔ undefined 30/54 내HP=109 → ✨정화 스티커 [Q]타이밍 링 [✨정화 스티커 [Q]타이밍 링 ·|🏅배지 스킬 [E]카드에서 골라|🎒아이템 [I]전투 중에도 회복|🏃물러나기 [ESC]전투 종료 ]
    ⚔ undefined 30/54 내HP=109 → ✨정화 스티커 [Q]타이밍 링 [✨정화 스티커 [Q]타이밍 링 ·|🏅배지 스킬 [E]카드에서 골라|🎒아이템 [I]전투 중에도 회복|🏃물러나기 [ESC]전투 종료 ]
    ⚔ undefined 30/54 내HP=109 → ✨정화 스티커 [Q]타이밍 링 [✨정화 스티커 [Q]타이밍 링 ·|🏅배지 스킬 [E]카드에서 골라|🎒아이템 [I]전투 중에도 회복|🏃물러나기 [ESC]전투 종료 ]
    ⚔ undefined 30/54 내HP=109 → ✨정화 스티커 [Q]타이밍 링 [✨정화 스티커 [Q]타이밍 링 ·|🏅배지 스킬 [E]카드에서 골라|🎒아이템 [I]전투 중에도 회복|🏃물러나기 [ESC]전투 종료 ]
    ⚔ undefined 30/54 내HP=109 → ✨정화 스티커 [Q]타이밍 링 [✨정화 스티커 [Q]타이밍 링 ·|🏅배지 스킬 [E]카드에서 골라|🎒아이템 [I]전투 중에도 회복|🏃물러나기 [ESC]전투 종료 ]
    ⚔ undefined 30/54 내HP=109 → ✨정화 스티커 [Q]타이밍 링 [✨정화 스티커 [Q]타이밍 링 ·|🏅배지 스킬 [E]카드에서 골라|🎒아이템 [I]전투 중에도 회복|🏃물러나기 [ESC]전투 종료 ]
    ✖ 전투 교착 (적 HP 변화 없음)
  📸 BLOCK_battle_stall.png
    ⚔ 전투 시작
    ⚔ undefined 30/54 내HP=109 → ✨정화 스티커 [Q]타이밍 링 [✨정화 스티커 [Q]타이밍 링 ·|🏅배지 스킬 [E]카드에서 골라|🎒아이템 [I]전투 중에도 회복|🏃물러나기 [ESC]전투 종료 ]
    ⚔ undefined 30/54 내HP=109 → ✨정화 스티커 [Q]타이밍 링 [✨정화 스티커 [Q]타이밍 링 ·|🏅배지 스킬 [E]카드에서 골라|🎒아이템 [I]전투 중에도 회복|🏃물러나기 [ESC]전투 종료 ]
    ⚔ undefined 30/54 내HP=109 → ✨정화 스티커 [Q]타이밍 링 [✨정화 스티커 [Q]타이밍 링 ·|🏅배지 스킬 [E]카드에서 골라|🎒아이템 [I]전투 중에도 회복|🏃물러나기 [ESC]전투 종료 ]
    ⚔ undefined 30/54 내HP=109 → ✨정화 스티커 [Q]타이밍 링 [✨정화 스티커 [Q]타이밍 링 ·|🏅배지 스킬 [E]카드에서 골라|🎒아이템 [I]전투 중에도 회복|🏃물러나기 [ESC]전투 종료 ]
    ⚔ undefined 30/54 내HP=109 → ✨정화 스티커 [Q]타이밍 링 [✨정화 스티커 [Q]타이밍 링 ·|🏅배지 스킬 [E]카드에서 골라|🎒아이템 [I]전투 중에도 회복|🏃물러나기 [ESC]전투 종료 ]
    ⚔ undefined 30/54 내HP=109 → ✨정화 스티커 [Q]타이밍 링 [✨정화 스티커 [Q]타이밍 링 ·|🏅배지 스킬 [E]카드에서 골라|🎒아이템 [I]전투 중에도 회복|🏃물러나기 [ESC]전투 종료 ]
    ✖ 전투 교착 (적 HP 변화 없음)
  📸 BLOCK_battle_stall.png
    ⚔ 전투 시작
    ⚔ undefined 30/54 내HP=109 → ✨정화 스티커 [Q]타이밍 링 [✨정화 스티커 [Q]타이밍 링 ·|🏅배지 스킬 [E]카드에서 골라|🎒아이템 [I]전투 중에도 회복|🏃물러나기 [ESC]전투 종료 ]
    💬 [담이] ✨담이잘했어요! 이제 ▌
    💬 [담이] ✨담이잘했어요! 이제 이 스킬은 언제든 쓸 수 있어요
    ⚔ undefined 30/54 내HP=109 → ✨정화 스티커 [Q]타이밍 링 [✨정화 스티커 [Q]타이밍 링 ·|🏅배지 스킬 [E]카드에서 골라|🎒아이템 [I]전투 중에도 회복|🏃물러나기 [ESC]전투 종료 ]
    ⚔ undefined 6/54 내HP=101 → ✨정화 스티커 [Q]타이밍 링 [✨정화 스티커 [Q]타이밍 링 ·|🏅배지 스킬 [E]카드에서 골라|🎒아이템 [I]전투 중에도 회복|🏃물러나기 [ESC]전투 종료 ]
    ⚔ 증강 선택 → 💪단단한 배지모든 공격 피해 +12%[1]
    ⚔ 전투 종료 (13s)
    ▸ 모달 처리: bd-result-modal → 확인
  · s17 stg=213 (0.651,0.502) hp=101 q=ch2 7/100 정화=5 → 보고하기@0.645,0.280
    💬 [서연] 술병이 없어지니까 골목이 훤해졌어!
    💬 [서연] 정말 고마워! 약소하지만 이거 받아 줘.
    💬 [서연] 병은 밟기 전에 표시하고, 밤길은 밝은 길로.
    💬 [서연] 아, 그리고 순임 할머니도 뭔가 걱정이 있어 보이던데 한번 들러 봐.
  · s18 stg=213 (0.643,0.367) hp=101 q=ch2 7/100 정화=5 → 이야기 듣기@0.091,0.415
    💬 [순임 할머니] 아이고, 지킴이 학생이구나.
    💬 [순임 할머니] 캄캄한 산책로 때문에 해가 지면 그 길로는 다닐 수가 없어.
    💬 [순임 할머니] 늙은이가 부탁해도 되겠니?
  · s19 stg=213 (0.328,0.516) hp=101 q=ch2 7/100 정화=5 → 정화하기@0.297,0.463
    💬 [나] 가로등 하나 없는 어두운 산책로다. 밤에 지나가려면 무섭겠어...
    ⚔ 전투 시작
    ⚔ undefined 68/68 내HP=101 → ✨정화 스티커 [Q]타이밍 링 [✨정화 스티커 [Q]타이밍 링 ·|🏅배지 스킬 [E]카드에서 골라|🎒아이템 [I]전투 중에도 회복|🏃물러나기 [ESC]전투 종료 ]
    ⚔ 증강 선택 → 💥결정타치명타 피해 +35%p[1]
    ⚔ 전투 종료 (11s)
    ▸ 모달 처리: bd-result-modal → 확인
  · s21 stg=213 (0.288,0.516) hp=90 q=ch2 14/100 정화=6 → 보고하기@0.342,0.496
    💬 [순임 할머니] 산책로가 다시 환해졌어! 저녁 산책도 할 수 있겠는걸.
    💬 [순임 할머니] 정말 고마워! 약소하지만 이거 받아 줘.
    💬 [순임 할머니] 어두운 길보단 밝은 길로 조금 돌아가자.
    💬 [순임 할머니] 아, 그리고 재이도 뭔가 걱정이 있어 보이던데 한번 들러 봐.
  · s22 stg=213 (0.369,0.598) hp=90 q=ch2 14/100 정화=6 → 이야기 듣기@0.091,0.415
    💬 [재이] …사건이다. 기록해 둔 게 있어.
    💬 [재이] 깨진 유리 조각 때문에 아이들이 놀다가 다칠까 봐 조마조마해.
    💬 [재이] 단서는 충분해. 해결은 네 몫이야.
  · s23 stg=213 (0.120,0.519) hp=90 q=ch2 14/100 정화=6 → 정화하기@0.006,0.303
    💬 [나] 깨진 유리 조각이 흩어져 있다. 누가 밟으면 크게 다칠 거야!
    ⚔ 전투 시작
    ⚔ undefined 45/45 내HP=90 → ✨정화 스티커 [Q]타이밍 링 [✨정화 스티커 [Q]타이밍 링 ·|🏅배지 스킬 [E]카드에서 골라|🎒아이템 [I]전투 중에도 회복|🏃물러나기 [ESC]전투 종료 ]
    ⚔ 증강 선택 → 🧘집중력타이밍 판정(공격·가드) 범위 +40%[1]
    ⚔ 전투 종료 (8s)
    ▸ 모달 처리: bd-result-modal → 확인
  · s25 stg=213 (0.024,0.373) hp=79 q=ch2 21/100 정화=7 → 보고하기@0.091,0.415
    💬 [재이] 유리 조각을 다 치워 줬구나. 아이들이 마음껏 뛰어놀 수 있겠어!
    💬 [재이] 정말 고마워! 약소하지만 이거 받아 줘.
    💬 [재이] 깨진 유리는 만지지 말고 표시해서 알리자.
    💬 [재이] 덕분에 이 동네가 한결 안전해졌어. 정말 고마워!
  · s26 stg=213 (0.113,0.518) hp=79 q=ch2 21/100 정화=7 → none
  ⚠ 목표 없음 (s26)
  📸 NOGUIDE_s26.png
  · s27 stg=213 (0.139,0.518) hp=79 q=ch2 21/100 정화=7 → 📍 어울림공원@0.289,0.437
    ▸ 패널 닫기: bd-district-facility-modal
  · s28 stg=213 (0.305,0.490) hp=79 q=ch2 35/100 정화=7 → 📍 봉담2 생태체육공원@0.433,0.460
    ▸ 패널 닫기: bd-district-facility-modal
  · s30 stg=213 (0.452,0.516) hp=79 q=ch2 42/100 정화=7 → 📍 상리약국@0.405,0.667
    ▸ 패널 닫기: bd-district-facility-modal
  · s32 stg=213 (0.430,0.707) hp=79 q=ch2 42/100 정화=7 → 📍 상리약국@0.405,0.667
    ▸ 패널 닫기: bd-district-facility-modal
  · s34 stg=213 (0.430,0.707) hp=79 q=ch2 42/100 정화=7 → 📍 화성그린환경센터@0.519,0.692
    💬 [담이] ✨담이▌
    ▸ 패널 닫기: bd-district-facility-modal
  · s36 stg=213 (0.532,0.717) hp=79 q=ch2 50/100 정화=7 → 📍 스마일25 편의점@0.674,0.418
    💬 [담이] ✨담이제 지도에 「화성그린환경센터 주민편익시설」 스탬프가 새겨졌어요! (3개째)
    ▸ 패널 닫기: bd-district-facility-modal
  · s38 stg=213 (0.689,0.456) hp=79 q=ch2 50/100 정화=7 → 📍 삼봉근린공원@0.535,0.176
◇ 청크1 종료: ok=true reason=steps-exhausted cleared=false stg=213 정화=7 경과=11.7분
  📸 chunk01_stg213.png
    ▸ 패널 닫기: bd-district-facility-modal
  🗺  === 스테이지 213 · [4개 리 월드] 상리·외곽 연계권 ===
  📸 map_213_s0.png
  · s0 stg=213 (0.563,0.219) hp=79 q=ch2 57/100 정화=7 → 📍 삼봉근린공원@0.535,0.176
  · s1 stg=213 (0.563,0.219) hp=79 q=ch2 57/100 정화=7 → 📍 봉담호수공원@0.428,0.193
    ▸ 패널 닫기: bd-district-facility-modal
  · s2 stg=213 (0.455,0.219) hp=79 q=ch2 64/100 정화=7 → 📍 화성시립 봉담도서관·희망카페@0.282,0.169
    ▸ 패널 닫기: bd-district-facility-modal
  · s4 stg=213 (0.306,0.199) hp=79 q=ch2 71/100 정화=7 → 📍 화성시립 봉담도서관·희망카페@0.282,0.169
    💬 [담이] ✨담이제 지도에 「봉담도서관」 스탬프가 새겨졌어요! (4개째)▌
    💬 [담이] ✨담이제 지도에 「봉담도서관」 스탬프가 새겨졌어요! (4개째)
    ▸ 패널 닫기: bd-district-facility-modal
  · s6 stg=213 (0.306,0.199) hp=79 q=ch2 71/100 정화=7 → 📍 봉담커피앤북작은도서관·노노카페@0.171,0.175
  ⚠ 이동 실패 no-way → 📍 봉담커피앤북작은도서관·노노카페@0.171,0.175
  📸 WALL_s7.png
    ▸ 패널 닫기: bd-district-facility-modal
  · s8 stg=213 (0.199,0.202) hp=79 q=ch2 78/100 정화=7 → 📍 봉담커피앤북작은도서관·노노카페@0.171,0.175
  · s9 stg=213 (0.199,0.202) hp=79 q=ch2 78/100 정화=7 → 📍 청소년놀터 ‘솜사탕’ 봉담점@0.036,0.182
    ▸ 패널 닫기: bd-district-facility-modal
  ⚠ 이동 실패 no-way → 📍 청소년놀터 ‘솜사탕’ 봉담점@0.036,0.182
  📸 WALL_s10.png
    💬 [담이] ✨담이제 지도에 「청소년놀터 봉담점」 스탬프가 새겨졌어요! (5개째)
  · s11 stg=213 (0.058,0.209) hp=79 q=ch2 85/100 정화=7 → 📍 도란도란어린이공원@0.178,0.670
    ▸ 패널 닫기: bd-district-facility-modal
  · s12 stg=213 (0.195,0.705) hp=79 q=ch2 92/100 정화=7 → 📍 들녘오름공원@0.036,0.980
    ▸ 패널 닫기: bd-district-facility-modal
  · s14 stg=213 (0.062,0.987) hp=79 q=ch3 0/100 정화=7 → 동화리로 가기@0.605,0.004
  ⚠ 이동 실패 mode=dialogue → 동화리로 가기@0.605,0.004
  📸 WALL_s14.png
    💬 [서연] 우와, 공원이 깨끗해졌어! 이제 저녁에도 놀 수 있겠다. 고마워!
    💬 [나] (상리 주민들의 부탁은… 이걸로 다 해결한 것 같네.)
    💬 [담이] 🔰담이"물청소 정화"를 배웠어요! 더러워진 자리를 직접 씻어내면, 거기 붙어 있던 그림자도 함께 씻겨 나가요.
  ⚠ 이동 실패 mode=dialogue → 동화리로 가기@0.605,0.004
  📸 WALL_s15.png
    💬 [담이] 🔰담이이 동네는 이제 안심해도 되겠어요. 잠깐 숨 돌리▌
    ▸ 패널 닫기: bd-district-facility-modal
  · s16 stg=213 (0.113,0.891) hp=79 q=ch3 0/100 정화=7 → 동화리로 가기@0.605,0.004
    💬 [재이] 야, 뭐 해? 지금 혹시 도와줄 수 있어…?
    💬 [재이] 내 친구 재현이 동화리에서 벽에 지워지지 않는 낙서 때문에 혼자 애먹고 있다고 하더라고.
    💬 [재이] 너라면 어떻게든 해 줄 것 같아서. 부탁해도 될까?
    💬 [담이] 💦담이가끔 배▌
    💬 [담이] ✨담이안전 조각이 지도에 끼워졌어요! (2/4) 지도가 점점 완성돼 가요.
    💬 [-] — 동화리. 문화와 체험의 거리. —
    💬 [나] (아이들이 많이 다니는 길인데… 배지가 반응하네.)
    💬 [담이] 🔰담이아이들 웃음소리가 들려요. 이 거리는 꼭 지켜주고 싶어요.
  🗺  === 스테이지 211 · [4개 리 월드] 동화리 문화·생활권 ===
  📸 map_211_s19.png
  · s19 stg=211 (0.750,0.955) hp=79 q=ch3 0/100 정화=7 → 이야기 듣기@0.175,0.560
  ⚠ 이동 실패 mode=dialogue → 이야기 듣기@0.175,0.560
  📸 WALL_s19.png
  · s20 stg=211 (0.666,0.863) hp=79 q=ch3 0/100 정화=7 → 이야기 듣기@0.175,0.560
    💬 [재현] …딱히 부탁은 아닌데.
    💬 [재현] 지워지지 않은 낙서 때문에 요즘 다들 그 근처를 피해 다녀.
    💬 [재현] 네가 지나가는 김에 봐 주면 되지. 걱정하는 건 아니고.
  · s21 stg=211 (0.195,0.639) hp=79 q=ch3 0/100 정화=7 → 정화하기@0.092,0.526
    💬 [나] 벽이 온통 낙서로 뒤덮였다. 동네가 어수선해 보여.
    ⚔ 전투 시작
    ⚔ undefined 73/73 내HP=79 → ✨정화 스티커 [Q]타이밍 링 [✨정화 스티커 [Q]타이밍 링 ·|🏅배지 스킬 [E]카드에서 골라|🎒아이템 [I]전투 중에도 회복|🏃물러나기 [ESC]전투 종료 ]
    💬 [담이] ✨담이새 배지 스킬 「물청소 정화」 💦 을 배웠▌
    💬 [담이] ✨담이새 배지 스킬 「물청소 정화」 💦 을 배웠어요! 카드에서 골라 써 ▌
    💬 [담이] ✨담이새 배지 스킬 「물청소 정화」 💦 을 배웠어요! 카드에서 골라 써 봐요
    ⚔ undefined 43/73 내HP=73 → ✨정화 스티커 [Q]타이밍 링 [✨정화 스티커 [Q]타이밍 링 ·|🏅배지 스킬 [E]카드에서 골라|🎒아이템 [I]전투 중에도 회복|🏃물러나기 [ESC]전투 종료 ]
    💬 [담이] 🔰담이물줄기를 얼룩에 계속 대고 있어야 ▌
    💬 [담이] 🔰담이물줄기를 얼룩에 계속 대고 있어야 해요. 누르면 올라가고, 떼면 내려가요
    ⚔ undefined 43/73 내HP=73 → ✨정화 스티커 [Q]타이밍 링 [✨정화 스티커 [Q]타이밍 링 ·|🏅배지 스킬 [E]카드에서 골라|🎒아이템 [I]전투 중에도 회복|🏃물러나기 [ESC]전투 종료 ]
    💬 [담이] ❗담이직접▌
    💬 [담이] ❗담이직접 한 번 써 봐요! 「물청소 정화」 를 ▌
    💬 [담이] ❗담이직접 한 번 써 봐요! 「물청소 정화」 를 골라 주세요
    ⚔ undefined 43/73 내HP=73 → ✨정화 스티커 [Q]타이밍 링 [✨정화 스티커 [Q]타이밍 링 ·|🏅배지 스킬 [E]카드에서 골라|🎒아이템 [I]전투 중에도 회복|🏃물러나기 [ESC]전투 종료 ]
    ⚔ undefined 43/73 내HP=73 → ✨정화 스티커 [Q]타이밍 링 [✨정화 스티커 [Q]타이밍 링 ·|🏅배지 스킬 [E]카드에서 골라|🎒아이템 [I]전투 중에도 회복|🏃물러나기 [ESC]전투 종료 ]
    ⚔ undefined 43/73 내HP=73 → ✨정화 스티커 [Q]타이밍 링 [✨정화 스티커 [Q]타이밍 링 ·|🏅배지 스킬 [E]카드에서 골라|🎒아이템 [I]전투 중에도 회복|🏃물러나기 [ESC]전투 종료 ]
    ✖ 전투 교착 (적 HP 변화 없음)
  📸 BLOCK_battle_stall.png
    ⚔ 전투 시작
    ⚔ undefined 43/73 내HP=73 → ✨정화 스티커 [Q]타이밍 링 [✨정화 스티커 [Q]타이밍 링 ·|🏅배지 스킬 [E]카드에서 골라|🎒아이템 [I]전투 중에도 회복|🏃물러나기 [ESC]전투 종료 ]
    ⚔ undefined 43/73 내HP=73 → ✨정화 스티커 [Q]타이밍 링 [✨정화 스티커 [Q]타이밍 링 ·|🏅배지 스킬 [E]카드에서 골라|🎒아이템 [I]전투 중에도 회복|🏃물러나기 [ESC]전투 종료 ]
    ⚔ undefined 43/73 내HP=73 → ✨정화 스티커 [Q]타이밍 링 [✨정화 스티커 [Q]타이밍 링 ·|🏅배지 스킬 [E]카드에서 골라|🎒아이템 [I]전투 중에도 회복|🏃물러나기 [ESC]전투 종료 ]
    ⚔ undefined 43/73 내HP=73 → ✨정화 스티커 [Q]타이밍 링 [✨정화 스티커 [Q]타이밍 링 ·|🏅배지 스킬 [E]카드에서 골라|🎒아이템 [I]전투 중에도 회복|🏃물러나기 [ESC]전투 종료 ]
    ⚔ undefined 43/73 내HP=73 → ✨정화 스티커 [Q]타이밍 링 [✨정화 스티커 [Q]타이밍 링 ·|🏅배지 스킬 [E]카드에서 골라|🎒아이템 [I]전투 중에도 회복|🏃물러나기 [ESC]전투 종료 ]
    ⚔ undefined 43/73 내HP=73 → ✨정화 스티커 [Q]타이밍 링 [✨정화 스티커 [Q]타이밍 링 ·|🏅배지 스킬 [E]카드에서 골라|🎒아이템 [I]전투 중에도 회복|🏃물러나기 [ESC]전투 종료 ]
    ✖ 전투 교착 (적 HP 변화 없음)
  📸 BLOCK_battle_stall.png
    ⚔ 전투 시작
    ⚔ undefined 43/73 내HP=73 → ✨정화 스티커 [Q]타이밍 링 [✨정화 스티커 [Q]타이밍 링 ·|🏅배지 스킬 [E]카드에서 골라|🎒아이템 [I]전투 중에도 회복|🏃물러나기 [ESC]전투 종료 ]
    ⚔ undefined 43/73 내HP=73 → ✨정화 스티커 [Q]타이밍 링 [✨정화 스티커 [Q]타이밍 링 ·|🏅배지 스킬 [E]카드에서 골라|🎒아이템 [I]전투 중에도 회복|🏃물러나기 [ESC]전투 종료 ]
    ⚔ undefined 43/73 내HP=73 → ✨정화 스티커 [Q]타이밍 링 [✨정화 스티커 [Q]타이밍 링 ·|🏅배지 스킬 [E]카드에서 골라|🎒아이템 [I]전투 중에도 회복|🏃물러나기 [ESC]전투 종료 ]
    ⚔ undefined 43/73 내HP=73 → ✨정화 스티커 [Q]타이밍 링 [✨정화 스티커 [Q]타이밍 링 ·|🏅배지 스킬 [E]카드에서 골라|🎒아이템 [I]전투 중에도 회복|🏃물러나기 [ESC]전투 종료 ]
    ⚔ undefined 43/73 내HP=73 → ✨정화 스티커 [Q]타이밍 링 [✨정화 스티커 [Q]타이밍 링 ·|🏅배지 스킬 [E]카드에서 골라|🎒아이템 [I]전투 중에도 회복|🏃물러나기 [ESC]전투 종료 ]
    ⚔ undefined 43/73 내HP=73 → ✨정화 스티커 [Q]타이밍 링 [✨정화 스티커 [Q]타이밍 링 ·|🏅배지 스킬 [E]카드에서 골라|🎒아이템 [I]전투 중에도 회복|🏃물러나기 [ESC]전투 종료 ]
    ✖ 전투 교착 (적 HP 변화 없음)
  📸 BLOCK_battle_stall.png
    ⚔ 전투 시작
    ⚔ undefined 43/73 내HP=73 → ✨정화 스티커 [Q]타이밍 링 [✨정화 스티커 [Q]타이밍 링 ·|🏅배지 스킬 [E]카드에서 골라|🎒아이템 [I]전투 중에도 회복|🏃물러나기 [ESC]전투 종료 ]
    ⚔ undefined 43/73 내HP=73 → ✨정화 스티커 [Q]타이밍 링 [✨정화 스티커 [Q]타이밍 링 ·|🏅배지 스킬 [E]카드에서 골라|🎒아이템 [I]전투 중에도 회복|🏃물러나기 [ESC]전투 종료 ]
    ⚔ undefined 43/73 내HP=73 → ✨정화 스티커 [Q]타이밍 링 [✨정화 스티커 [Q]타이밍 링 ·|🏅배지 스킬 [E]카드에서 골라|🎒아이템 [I]전투 중에도 회복|🏃물러나기 [ESC]전투 종료 ]
    ⚔ undefined 43/73 내HP=73 → ✨정화 스티커 [Q]타이밍 링 [✨정화 스티커 [Q]타이밍 링 ·|🏅배지 스킬 [E]카드에서 골라|🎒아이템 [I]전투 중에도 회복|🏃물러나기 [ESC]전투 종료 ]
    ⚔ undefined 43/73 내HP=73 → ✨정화 스티커 [Q]타이밍 링 [✨정화 스티커 [Q]타이밍 링 ·|🏅배지 스킬 [E]카드에서 골라|🎒아이템 [I]전투 중에도 회복|🏃물러나기 [ESC]전투 종료 ]
    ⚔ undefined 43/73 내HP=73 → ✨정화 스티커 [Q]타이밍 링 [✨정화 스티커 [Q]타이밍 링 ·|🏅배지 스킬 [E]카드에서 골라|🎒아이템 [I]전투 중에도 회복|🏃물러나기 [ESC]전투 종료 ]
    ✖ 전투 교착 (적 HP 변화 없음)
  📸 BLOCK_battle_stall.png
    ⚔ 전투 시작
    ⚔ undefined 43/73 내HP=73 → ✨정화 스티커 [Q]타이밍 링 [✨정화 스티커 [Q]타이밍 링 ·|🏅배지 스킬 [E]카드에서 골라|🎒아이템 [I]전투 중에도 회복|🏃물러나기 [ESC]전투 종료 ]
    ⚔ undefined 43/73 내HP=73 → ✨정화 스티커 [Q]타이밍 링 [✨정화 스티커 [Q]타이밍 링 ·|🏅배지 스킬 [E]카드에서 골라|🎒아이템 [I]전투 중에도 회복|🏃물러나기 [ESC]전투 종료 ]
    ⚔ undefined 43/73 내HP=73 → ✨정화 스티커 [Q]타이밍 링 [✨정화 스티커 [Q]타이밍 링 ·|🏅배지 스킬 [E]카드에서 골라|🎒아이템 [I]전투 중에도 회복|🏃물러나기 [ESC]전투 종료 ]
    ⚔ undefined 43/73 내HP=73 → ✨정화 스티커 [Q]타이밍 링 [✨정화 스티커 [Q]타이밍 링 ·|🏅배지 스킬 [E]카드에서 골라|🎒아이템 [I]전투 중에도 회복|🏃물러나기 [ESC]전투 종료 ]
    ⚔ undefined 43/73 내HP=73 → ✨정화 스티커 [Q]타이밍 링 [✨정화 스티커 [Q]타이밍 링 ·|🏅배지 스킬 [E]카드에서 골라|🎒아이템 [I]전투 중에도 회복|🏃물러나기 [ESC]전투 종료 ]
    ⚔ undefined 43/73 내HP=73 → ✨정화 스티커 [Q]타이밍 링 [✨정화 스티커 [Q]타이밍 링 ·|🏅배지 스킬 [E]카드에서 골라|🎒아이템 [I]전투 중에도 회복|🏃물러나기 [ESC]전투 종료 ]
    ✖ 전투 교착 (적 HP 변화 없음)
  📸 BLOCK_battle_stall.png
    ⚔ 전투 시작
    ⚔ undefined 43/73 내HP=73 → ✨정화 스티커 [Q]타이밍 링 [✨정화 스티커 [Q]타이밍 링 ·|🏅배지 스킬 [E]카드에서 골라|🎒아이템 [I]전투 중에도 회복|🏃물러나기 [ESC]전투 종료 ]
    ⚔ undefined 43/73 내HP=73 → ✨정화 스티커 [Q]타이밍 링 [✨정화 스티커 [Q]타이밍 링 ·|🏅배지 스킬 [E]카드에서 골라|🎒아이템 [I]전투 중에도 회복|🏃물러나기 [ESC]전투 종료 ]
    💬 [담이] ✨담이잘했어요! 이제 이 스킬은 언제든▌
    ⚔ undefined 43/73 내HP=73 → ✨정화 스티커 [Q]타이밍 링 [✨정화 스티커 [Q]타이밍 링 ·|🏅배지 스킬 [E]카드에서 골라|🎒아이템 [I]전투 중에도 회복|🏃물러나기 [ESC]전투 종료 ]
    ⚔ 증강 선택 → 🧃든든한 간식회복 아이템 효과 +50%[1]
    ⚔ 전투 종료 (15s)
    ▸ 모달 처리: bd-result-modal → 확인
  · s28 stg=211 (0.132,0.605) hp=67 q=ch3 7/100 정화=8 → 보고하기@0.175,0.560
    💬 [재현] 「지워지지 않은 낙서」 해결해 줘서 정말 고마워!
    💬 [재현] 정말 고마워! 약소하지만 이거 받아 줘.
    💬 [재현] 위험한 건 먼저 알아채고, 먼저 말하자.
    💬 [재현] 참, 영자가 너 찾던데? 한번 가 봐!
  · s29 stg=211 (0.192,0.631) hp=67 q=ch3 7/100 정화=8 → 이야기 듣기@0.657,0.338
    💬 [하늘] 아이들 프로그램 때문에 이 길을 자주 오가거든요.
    💬 [하늘] 밤마다 울리는 소음 때문에 잠을 통 못 자겠어.
    💬 [하늘] 아이들 안전이니까 부탁드릴게요.
  · s30 stg=211 (0.689,0.416) hp=67 q=ch3 7/100 정화=8 → 정화하기@0.812,0.203
    💬 [나] 귀를 찢는 듯한 소음이 울린다. 도무지 집중할 수가 없어...
    ⚔ 전투 시작
    ⚔ undefined 58/58 내HP=67 → ✨정화 스티커 [Q]타이밍 링 [✨정화 스티커 [Q]타이밍 링 ·|🏅배지 스킬 [E]카드에서 골라|🎒아이템 [I]전투 중에도 회복|🏃물러나기 [ESC]전투 종료 ]
    ⚔ 증강 선택 → 💖정화의 온기전투 승리 시 HP 12 회복[1]
    ⚔ 전투 종료 (8s)
    ▸ 모달 처리: bd-result-modal → 확인
    💬 [담이] 💦담이체력이 절반 아래로 떨어졌▌
  · s32 stg=211 (0.889,0.339) hp=61 q=ch3 14/100 정화=9 → 보고하기@0.657,0.338
    💬 [하늘] 이제 밤이 조용해! 오랜만에 푹 잘 수 있겠다.
    💬 [하늘] 정말 고마워! 약소하지만 이거 받아 줘.
    💬 [하늘] 밤에는 서로 조용히, 소음은 어른께 알리자.
    💬 [하늘] 아, 그리고 영자도 뭔가 걱정이 있어 보이던데 한번 들러 봐.
    💬 [담이] 💦담이체력이 절반 아래로 떨어졌어요! 가까운 역말문화회관에 들러 F로 잠깐 쉬면 모두 회복돼요.
  · s33 stg=211 (0.689,0.409) hp=61 q=ch3 14/100 정화=9 → 이야기 듣기@0.300,0.500
    💬 [영자] 치워도 치워도 또 쌓이네…
    💬 [영자] 방치된 쓰레기 더미 때문에 악취랑 벌레가 심해서 창문도 못 열어.
    💬 [영자] 같이 봐 줄래? 혼자는 벅차서.
  · s34 stg=211 (0.293,0.580) hp=61 q=ch3 14/100 정화=9 → 정화하기@0.176,0.425
    ⚔ 전투 시작
    ⚔ undefined 73/73 내HP=61 → ✨정화 스티커 [Q]타이밍 링 [✨정화 스티커 [Q]타이밍 링 ·|🏅배지 스킬 [E]카드에서 골라|🎒아이템 [I]전투 중에도 회복|🏃물러나기 [ESC]전투 종료 ]
    ⚔ 증강 선택 → 🌅선제 정화전투 첫 공격 피해 +40%[1]
    ⚔ 전투 종료 (11s)
    ▸ 모달 처리: bd-result-modal → 확인
  · s36 stg=211 (0.192,0.480) hp=61 q=ch3 21/100 정화=10 → 보고하기@0.300,0.500
    💬 [영자] 쓰레기가 사라지니까 공기부터 달라졌어!
    💬 [영자] 정말 고마워! 약소하지만 이거 받아 줘.
    💬 [영자] 쓰레기는 분리해서 버리고, 큰 건 어른께 알리자.
    💬 [영자] 덕분에 이 동네가 한결 안전해졌어. 정말 고마워!
  · s37 stg=211 (0.293,0.579) hp=61 q=ch3 21/100 정화=10 → 역말문화회관@0.868,0.110
    ▸ 시설에서 휴식 (HP 61)
  · s38 stg=211 (0.892,0.149) hp=130 q=ch3 28/100 정화=10 → none
  ⚠ 목표 없음 (s38)
  📸 NOGUIDE_s38.png
    💬 [나] (역말문화회관에서 편안히 휴식을 즐겼다!)
  ⚠ 목표 없음 (s39)
◇ 청크2 종료: ok=true reason=steps-exhausted cleared=false stg=211 정화=10 경과=17.7분
  📸 chunk02_stg211.png
  🗺  === 스테이지 211 · [4개 리 월드] 동화리 문화·생활권 ===
  📸 map_211_s0.png
  · s0 stg=211 (0.892,0.141) hp=130 q=ch3 28/100 정화=10 → 📍 또또마트 편의점@0.833,0.438
    ▸ 패널 닫기: bd-district-facility-modal
  · s1 stg=211 (0.864,0.476) hp=130 q=ch3 28/100 정화=10 → 📍 엄미술관@0.590,0.316
    ▸ 패널 닫기: bd-district-facility-modal
  · s3 stg=211 (0.608,0.351) hp=130 q=ch3 35/100 정화=10 → 📍 동화약국@0.526,0.437
  · s4 stg=211 (0.548,0.474) hp=130 q=ch3 35/100 정화=10 → 📍 동화약국@0.526,0.437
    ▸ 패널 닫기: bd-district-facility-modal
  · s5 stg=211 (0.548,0.474) hp=130 q=ch3 35/100 정화=10 → 📍 더홀릭보드게임카페 봉담점@0.368,0.440
  ⚠ 이동 실패 no-way → 📍 더홀릭보드게임카페 봉담점@0.368,0.440
  📸 WALL_s6.png
    ▸ 패널 닫기: bd-district-facility-modal
  · s7 stg=211 (0.391,0.473) hp=130 q=ch3 42/100 정화=10 → 📍 웃음만발놀이숲@0.372,0.630
  · s8 stg=211 (0.394,0.667) hp=130 q=ch3 42/100 정화=10 → 📍 웃음만발놀이숲@0.372,0.630
  ⚠ 이동 실패 no-way → 📍 웃음만발놀이숲@0.372,0.630
  📸 WALL_s8.png
    ▸ 패널 닫기: bd-district-facility-modal
  · s10 stg=211 (0.394,0.667) hp=130 q=ch3 50/100 정화=10 → 📍 화성시 어린이문화센터@0.377,0.776
    ▸ 패널 닫기: bd-district-facility-modal
  ⚠ 이동 실패 no-way → 📍 화성시 어린이문화센터@0.377,0.776
  📸 WALL_s11.png
    💬 [담이] ✨담이제 지도에 「화성시어린이문화센터」 스탬프가 새겨졌어요! (6개째)
  · s12 stg=211 (0.393,0.798) hp=130 q=ch3 57/100 정화=10 → 📍 보드킹 보드게임카페 봉담점@0.069,0.776
    ▸ 패널 닫기: bd-district-facility-modal
  · s13 stg=211 (0.092,0.804) hp=130 q=ch3 64/100 정화=10 → 📍 클라쎄아트홀@0.081,0.968
  ⚠ 이동 실패 too-far(0.070) → 📍 클라쎄아트홀@0.081,0.968
  📸 WALL_s13.png
  ⚠ 이동 실패 too-far(0.070) → 📍 클라쎄아트홀@0.081,0.968
  📸 WALL_s14.png
    ▸ 패널 닫기: bd-district-facility-modal
  · s15 stg=211 (0.031,0.991) hp=130 q=ch3 71/100 정화=10 → 📍 카페 맑은샘@0.061,0.440
  ⚠ 이동 실패 too-far(0.450) → 📍 카페 맑은샘@0.061,0.440
  📸 WALL_s15.png
  · s16 stg=211 (0.080,0.804) hp=130 q=ch3 71/100 정화=10 → 📍 카페 맑은샘@0.061,0.440
    ▸ 패널 닫기: bd-district-facility-modal
    ▸ 패널 닫기: bd-district-facility-modal
  · s19 stg=211 (0.086,0.480) hp=130 q=ch3 78/100 정화=10 → 📍 화성시민캠퍼스·생활문화창작소@0.081,0.116
  · s20 stg=211 (0.100,0.151) hp=130 q=ch3 78/100 정화=10 → 📍 화성시민캠퍼스·생활문화창작소@0.081,0.116
    ▸ 패널 닫기: bd-district-facility-modal
  · s21 stg=211 (0.100,0.151) hp=130 q=ch3 85/100 정화=10 → 📍 화성국민체육센터@0.370,0.111
    💬 [담이] ✨담이제 지도에 「화성시민캠퍼스·생활문화창작소」 스탬프가 새겨졌어요! (7개째)
    ▸ 패널 닫기: bd-district-facility-modal
  · s23 stg=211 (0.382,0.142) hp=130 q=ch3 92/100 정화=10 → 📍 봉담1지구 분수광장@0.878,0.758
    💬 [담이] ✨담이제 지도에 「화성국민체육센터」 스탬프가 새겨졌어요! (8개째)
  · s24 stg=211 (0.897,0.811) hp=130 q=ch3 92/100 정화=10 → 📍 봉담1지구 분수광장@0.878,0.758
  ⚠ 이동 실패 no-way → 📍 봉담1지구 분수광장@0.878,0.758
  📸 WALL_s24.png
    ▸ 패널 닫기: bd-district-facility-modal
    💬 [하늘] 거리가 훨씬 깔끔해졌어요. 정말 고마워요!
    💬 [나] (동화리 주민들의 부탁은… 이걸로 다 해결한 것 같네.)
    💬 [담이] ✨담이재현이, 걱정하는 거 맞죠? 티 났어요.
    ▸ 패널 닫기: bd-district-facility-modal
  · s27 stg=211 (0.897,0.811) hp=145 q=ch4 0/100 정화=10 → none
  ⚠ 목표 없음 (s27)
  📸 NOGUIDE_s27.png
    💬 [— 재현에게서 전화가 온다 —] 📞 …따르릉.
    💬 [담이] 💦담이…배지에 뭔가 모이고 있어요. 어디로 가는지는 아직 몰라요.
  · s28 stg=211 (0.897,0.811) hp=145 q=ch4 0/100 정화=10 → 수영리로 가기@0.004,0.813
  ⚠ 이동 실패 mode=dialogue → 수영리로 가기@0.004,0.813
  📸 WALL_s28.png
    💬 [재현] 너라면 어떻게든 해 줄 것 같아서. 부탁해도 될까?
    💬 [담이] ✨담이안전 조각이▌
  ⚠ 이동 실패 mode=dialogue → 수영리로 가기@0.004,0.813
  📸 WALL_s29.png
    💬 [담이] ✨담이제 지도의 동화리 칸이 전부 밝아졌어요!▌
    💬 [담이] 🔰담이이제 수영리 차례예요! 화살표를 따라 도로 끝까지 가면 넘어갈 수 있어요.
    ▸ 패널 닫기: bd-district-facility-modal
  · s32 stg=211 (0.017,0.830) hp=145 q=ch4 0/100 정화=10 → 수영리로 가기@0.004,0.813
    💬 [-] — 수영리. 안전하게 돌아가는 길. —
    💬 [나] (해가 지면 이 길은 꽤 어둡겠는데….)
    💬 [담이] 💦담이해가 지고 있어요. 어두운 곳일수록 그림자가 힘을 내요 — 서둘러요!
  🗺  === 스테이지 210 · [4개 리 월드] 수영리 생활권 ===
  📸 map_210_s33.png
  · s33 stg=210 (0.955,0.833) hp=145 q=ch4 0/100 정화=10 → 이야기 듣기@0.382,0.611
  ⚠ 이동 실패 mode=dialogue → 이야기 듣기@0.382,0.611
  📸 WALL_s33.png
    💬 [은지 어머니] 은지 친구구나. 어른으로서 미안한 부탁인데,
    💬 [은지 어머니] 갈라진 길바닥 때문에 유모차 바퀴가 자꾸 걸려서 위험해.
    💬 [은지 어머니] 위험하면 절대 무리하지 말고.
  · s35 stg=210 (0.410,0.676) hp=145 q=ch4 0/100 정화=10 → 정화하기@0.441,0.564
    💬 [나] 도로가 부서져 큰 균열이 생겼다. 발을 헛디디면 다칠 거야.
    ⚔ 전투 시작
    ⚔ undefined 114/114 내HP=145 → ✨정화 스티커 [Q]타이밍 링 [✨정화 스티커 [Q]타이밍 링 ·|🏅배지 스킬 [E]카드에서 골라|🎒아이템 [I]전투 중에도 회복|🏃물러나기 [ESC]전투 종료 ]
    💬 [담이] ✨담이새 배지 스킬 「힘내라 봉담!」 📣 을 배▌
    💬 [담이] ✨담이새 배지 스킬 「힘내라 봉담!」 📣 을 배웠어요! 카드에서 골라 써▌
    💬 [담이] ✨담이새 배지 스킬 「힘내라 봉담!」 📣 을 배웠어요! 카드에서 골라 써 봐요
    💬 [담이] 🔰담이「봉! 담! 화이팅!▌
    ⚔ undefined 78/114 내HP=139 → ✨정화 스티커 [Q]타이밍 링 [✨정화 스티커 [Q]타이밍 링 ·|🏅배지 스킬 [E]카드에서 골라|🎒아이템 [I]전투 중에도 회복|🏃물러나기 [ESC]전투 종료 ]
    💬 [담이] ❗담이직접 한 번 써 봐요! 「힘내라 봉담▌
    💬 [담이] ❗담이직접 한 번 써 봐요! 「힘내라 봉담!」 를 골라 주세요
    ⚔ undefined 78/114 내HP=139 → ✨정화 스티커 [Q]타이밍 링 [✨정화 스티커 [Q]타이밍 링 ·|🏅배지 스킬 [E]카드에서 골라|🎒아이템 [I]전투 중에도 회복|🏃물러나기 [ESC]전투 종료 ]
    ⚔ undefined 78/114 내HP=139 → ✨정화 스티커 [Q]타이밍 링 [✨정화 스티커 [Q]타이밍 링 ·|🏅배지 스킬 [E]카드에서 골라|🎒아이템 [I]전투 중에도 회복|🏃물러나기 [ESC]전투 종료 ]
    ⚔ undefined 78/114 내HP=139 → ✨정화 스티커 [Q]타이밍 링 [✨정화 스티커 [Q]타이밍 링 ·|🏅배지 스킬 [E]카드에서 골라|🎒아이템 [I]전투 중에도 회복|🏃물러나기 [ESC]전투 종료 ]
    ⚔ undefined 78/114 내HP=139 → ✨정화 스티커 [Q]타이밍 링 [✨정화 스티커 [Q]타이밍 링 ·|🏅배지 스킬 [E]카드에서 골라|🎒아이템 [I]전투 중에도 회복|🏃물러나기 [ESC]전투 종료 ]
    ✖ 전투 교착 (적 HP 변화 없음)
  📸 BLOCK_battle_stall.png
    ⚔ 전투 시작
    ⚔ undefined 78/114 내HP=139 → ✨정화 스티커 [Q]타이밍 링 [✨정화 스티커 [Q]타이밍 링 ·|🏅배지 스킬 [E]카드에서 골라|🎒아이템 [I]전투 중에도 회복|🏃물러나기 [ESC]전투 종료 ]
    ⚔ undefined 78/114 내HP=139 → ✨정화 스티커 [Q]타이밍 링 [✨정화 스티커 [Q]타이밍 링 ·|🏅배지 스킬 [E]카드에서 골라|🎒아이템 [I]전투 중에도 회복|🏃물러나기 [ESC]전투 종료 ]
    ⚔ undefined 78/114 내HP=139 → ✨정화 스티커 [Q]타이밍 링 [✨정화 스티커 [Q]타이밍 링 ·|🏅배지 스킬 [E]카드에서 골라|🎒아이템 [I]전투 중에도 회복|🏃물러나기 [ESC]전투 종료 ]
    ⚔ undefined 78/114 내HP=139 → ✨정화 스티커 [Q]타이밍 링 [✨정화 스티커 [Q]타이밍 링 ·|🏅배지 스킬 [E]카드에서 골라|🎒아이템 [I]전투 중에도 회복|🏃물러나기 [ESC]전투 종료 ]
    ⚔ undefined 78/114 내HP=139 → ✨정화 스티커 [Q]타이밍 링 [✨정화 스티커 [Q]타이밍 링 ·|🏅배지 스킬 [E]카드에서 골라|🎒아이템 [I]전투 중에도 회복|🏃물러나기 [ESC]전투 종료 ]
    ⚔ undefined 78/114 내HP=139 → ✨정화 스티커 [Q]타이밍 링 [✨정화 스티커 [Q]타이밍 링 ·|🏅배지 스킬 [E]카드에서 골라|🎒아이템 [I]전투 중에도 회복|🏃물러나기 [ESC]전투 종료 ]
    ✖ 전투 교착 (적 HP 변화 없음)
  📸 BLOCK_battle_stall.png
    ⚔ 전투 시작
    ⚔ undefined 78/114 내HP=139 → ✨정화 스티커 [Q]타이밍 링 [✨정화 스티커 [Q]타이밍 링 ·|🏅배지 스킬 [E]카드에서 골라|🎒아이템 [I]전투 중에도 회복|🏃물러나기 [ESC]전투 종료 ]
    ⚔ undefined 78/114 내HP=139 → ✨정화 스티커 [Q]타이밍 링 [✨정화 스티커 [Q]타이밍 링 ·|🏅배지 스킬 [E]카드에서 골라|🎒아이템 [I]전투 중에도 회복|🏃물러나기 [ESC]전투 종료 ]
    ⚔ undefined 78/114 내HP=139 → ✨정화 스티커 [Q]타이밍 링 [✨정화 스티커 [Q]타이밍 링 ·|🏅배지 스킬 [E]카드에서 골라|🎒아이템 [I]전투 중에도 회복|🏃물러나기 [ESC]전투 종료 ]
    ⚔ undefined 78/114 내HP=139 → ✨정화 스티커 [Q]타이밍 링 [✨정화 스티커 [Q]타이밍 링 ·|🏅배지 스킬 [E]카드에서 골라|🎒아이템 [I]전투 중에도 회복|🏃물러나기 [ESC]전투 종료 ]
    ⚔ undefined 78/114 내HP=139 → ✨정화 스티커 [Q]타이밍 링 [✨정화 스티커 [Q]타이밍 링 ·|🏅배지 스킬 [E]카드에서 골라|🎒아이템 [I]전투 중에도 회복|🏃물러나기 [ESC]전투 종료 ]
    ⚔ undefined 78/114 내HP=139 → ✨정화 스티커 [Q]타이밍 링 [✨정화 스티커 [Q]타이밍 링 ·|🏅배지 스킬 [E]카드에서 골라|🎒아이템 [I]전투 중에도 회복|🏃물러나기 [ESC]전투 종료 ]
    ✖ 전투 교착 (적 HP 변화 없음)
  📸 BLOCK_battle_stall.png
    ⚔ 전투 시작
    ⚔ undefined 78/114 내HP=139 → ✨정화 스티커 [Q]타이밍 링 [✨정화 스티커 [Q]타이밍 링 ·|🏅배지 스킬 [E]카드에서 골라|🎒아이템 [I]전투 중에도 회복|🏃물러나기 [ESC]전투 종료 ]
    ⚔ undefined 78/114 내HP=139 → ✨정화 스티커 [Q]타이밍 링 [✨정화 스티커 [Q]타이밍 링 ·|🏅배지 스킬 [E]카드에서 골라|🎒아이템 [I]전투 중에도 회복|🏃물러나기 [ESC]전투 종료 ]
    ⚔ undefined 78/114 내HP=139 → ✨정화 스티커 [Q]타이밍 링 [✨정화 스티커 [Q]타이밍 링 ·|🏅배지 스킬 [E]카드에서 골라|🎒아이템 [I]전투 중에도 회복|🏃물러나기 [ESC]전투 종료 ]
    ⚔ undefined 78/114 내HP=139 → ✨정화 스티커 [Q]타이밍 링 [✨정화 스티커 [Q]타이밍 링 ·|🏅배지 스킬 [E]카드에서 골라|🎒아이템 [I]전투 중에도 회복|🏃물러나기 [ESC]전투 종료 ]
    ⚔ undefined 78/114 내HP=139 → ✨정화 스티커 [Q]타이밍 링 [✨정화 스티커 [Q]타이밍 링 ·|🏅배지 스킬 [E]카드에서 골라|🎒아이템 [I]전투 중에도 회복|🏃물러나기 [ESC]전투 종료 ]
    ⚔ undefined 78/114 내HP=139 → ✨정화 스티커 [Q]타이밍 링 [✨정화 스티커 [Q]타이밍 링 ·|🏅배지 스킬 [E]카드에서 골라|🎒아이템 [I]전투 중에도 회복|🏃물러나기 [ESC]전투 종료 ]
    ✖ 전투 교착 (적 HP 변화 없음)
  📸 BLOCK_battle_stall.png
◇ 청크3 종료: ok=true reason=steps-exhausted cleared=false stg=210 정화=10 경과=22.2분
  📸 chunk03_stg210.png
    ⚔ 전투 시작
    ⚔ undefined 78/114 내HP=139 → ✨정화 스티커 [Q]타이밍 링 [✨정화 스티커 [Q]타이밍 링 ·|🏅배지 스킬 [E]카드에서 골라|🎒아이템 [I]전투 중에도 회복|🏃물러나기 [ESC]전투 종료 ]
    ⚔ undefined 78/114 내HP=139 → ✨정화 스티커 [Q]타이밍 링 [✨정화 스티커 [Q]타이밍 링 ·|🏅배지 스킬 [E]카드에서 골라|🎒아이템 [I]전투 중에도 회복|🏃물러나기 [ESC]전투 종료 ]
    ⚔ undefined 78/114 내HP=139 → ✨정화 스티커 [Q]타이밍 링 [✨정화 스티커 [Q]타이밍 링 ·|🏅배지 스킬 [E]카드에서 골라|🎒아이템 [I]전투 중에도 회복|🏃물러나기 [ESC]전투 종료 ]
    ⚔ undefined 78/114 내HP=139 → ✨정화 스티커 [Q]타이밍 링 [✨정화 스티커 [Q]타이밍 링 ·|🏅배지 스킬 [E]카드에서 골라|🎒아이템 [I]전투 중에도 회복|🏃물러나기 [ESC]전투 종료 ]
    ⚔ undefined 78/114 내HP=139 → ✨정화 스티커 [Q]타이밍 링 [✨정화 스티커 [Q]타이밍 링 ·|🏅배지 스킬 [E]카드에서 골라|🎒아이템 [I]전투 중에도 회복|🏃물러나기 [ESC]전투 종료 ]
    ⚔ undefined 78/114 내HP=139 → ✨정화 스티커 [Q]타이밍 링 [✨정화 스티커 [Q]타이밍 링 ·|🏅배지 스킬 [E]카드에서 골라|🎒아이템 [I]전투 중에도 회복|🏃물러나기 [ESC]전투 종료 ]
    💬 [담이] ✨담이잘했어요! 이제 이 ▌
    ✖ 전투 교착 (적 HP 변화 없음)
  📸 BLOCK_battle_stall.png
    ⚔ 전투 시작
    ⚔ undefined 78/114 내HP=139 → ✨정화 스티커 [Q]타이밍 링 [✨정화 스티커 [Q]타이밍 링 ·|🏅배지 스킬 [E]카드에서 골라|🎒아이템 [I]전투 중에도 회복|🏃물러나기 [ESC]전투 종료 ]
    ⚔ 증강 선택 → 🛡️두꺼운 장갑받는 피해 -10%[1]
    ⚔ 전투 종료 (11s)
    ▸ 모달 처리: bd-result-modal → 확인
  🗺  === 스테이지 210 · [4개 리 월드] 수영리 생활권 ===
  📸 map_210_s2.png
  · s2 stg=210 (0.474,0.608) hp=139 q=ch4 33/100 정화=11 → 보고하기@0.382,0.611
    💬 [은지 어머니] 길이 반듯해져서 유모차도 문제없어!
    💬 [은지 어머니] 정말 고마워! 약소하지만 이거 받아 줘.
    💬 [은지 어머니] 갈라진 길은 표시해 두고 돌아가자.
    💬 [은지 어머니] 아, 그리고 준호도 뭔가 걱정이 있어 보이던데 한번 들러 봐.
  · s3 stg=210 (0.413,0.664) hp=139 q=ch4 33/100 정화=11 → 이야기 듣기@0.605,0.261
  · s4 stg=210 (0.628,0.477) hp=139 q=ch4 33/100 정화=11 → 이야기 듣기@0.605,0.261
    💬 [약사 도윤] 약국에 다친 분이 자꾸 오세요.
    💬 [약사 도윤] 고장 난 가로등 때문에 밤길이 너무 어두워서 넘어질 뻔했지 뭐야.
    💬 [약사 도윤] 다치기 전에 막는 게 약보다 낫죠.
  · s5 stg=210 (0.638,0.328) hp=139 q=ch4 33/100 정화=11 → 정화하기@0.396,0.267
    💬 [나] 가로등이 깜빡이다 꺼진다. 밤이면 이 길은 칠흑같이 어둡겠지.
    ⚔ 전투 시작
    ⚔ undefined 94/94 내HP=139 → ✨정화 스티커 [Q]타이밍 링 [✨정화 스티커 [Q]타이밍 링 ·|🏅배지 스킬 [E]카드에서 골라|🎒아이템 [I]전투 중에도 회복|🏃물러나기 [ESC]전투 종료 ]
    💬 [담이] ❗담이…어? 들려요▌
    ⚔ 증강 선택 → 🍀알뜰한 손GOOD 판정도 35% 확률로 횟수 환급[
    ⚔ 전투 종료 (11s)
    ▸ 모달 처리: bd-result-modal → 확인
  · s7 stg=210 (0.420,0.340) hp=141 q=ch4 66/100 정화=12 → 보고하기@0.605,0.261
    💬 [약사 도윤] 가로등이 다시 켜지니까 밤길이 든든해!
    💬 [약사 도윤] 정말 고마워! 약소하지만 이거 받아 줘.
    💬 [약사 도윤] 꺼진 가로등은 번호를 보고 신고할 수 있어.
    💬 [약사 도윤] 아, 그리고 준호도 뭔가 걱정이 있어 보이던데 한번 들러 봐.
  · s8 stg=210 (0.640,0.331) hp=141 q=ch4 66/100 정화=12 → 이야기 듣기@0.566,0.688
    💬 [준호] 형… 아니 누나… 아니 지킴이!
    💬 [준호] 캄캄한 산책로 때문에 해가 지면 그 길로는 다닐 수가 없어.
    💬 [준호] 엄마가 이 골목으로 다니지 말래. 근데 지름길인데…
  · s9 stg=210 (0.556,0.759) hp=141 q=ch4 66/100 정화=12 → 정화하기@0.723,0.656
    💬 [담이] ❗담이평소▌
    ⚔ 전투 시작
    💬 [담이] ❗담이평소보다 강한 개체예요! 약점▌
    ⚔ undefined 77/77 내HP=141 → ✨정화 스티커 [Q]타이밍 링 [✨정화 스티커 [Q]타이밍 링 ·|🏅배지 스킬 [E]카드에서 골라|🎒아이템 [I]전투 중에도 회복|🏃물러나기 [ESC]전투 종료 ]
    💬 [담이] ❗담이평소보다 강한 개체예요! 약점 마크를 잘 보고 침착하게!
    ⚔ 전투 종료 (9s)
    ▸ 모달 처리: bd-result-modal → 확인
  · s11 stg=210 (0.717,0.708) hp=160 q=final 0/1 정화=13 → 보고하기@0.566,0.688
  ⚠ 이동 실패 mode=dialogue → 보고하기@0.566,0.688
  📸 WALL_s11.png
    💬 [담이] 🔰담이"안전 점검 라이트"를 배웠어요! 어두워서 안 보이던 위험을 밝히면, 숨어 있던 그림자는 버티지 못해요.
  · s12 stg=210 (0.684,0.708) hp=160 q=final 0/1 정화=13 → 보고하기@0.566,0.688
    💬 [담이] 🔰담이어라…? 배지가 아까부터 자꾸 반짝여요. 문화의집 쪽인가….
    💬 [준호] 산책로가 다시 환해졌어! 저녁 산책도 할 수 있겠는걸.
    💬 [준호] 정말 고마워! 약소하지만 이거 받아 줘.
    💬 [준호] 어두운 길보단 밝은 길로 조금 돌아가자.
    💬 [준호] 덕분에 이 동네가 한결 안전해졌어. 정말 고마워!
    💬 [담이] 💦담이네 ▌
  · s14 stg=210 (0.556,0.748) hp=160 q=final 0/1 정화=13 → 와우리로 가기@0.974,0.813
    💬 [담이] 🔰담이이제 와우리 차례예요! 화살표를 따라 도로 끝까지 가면 넘어갈 수 있어요.
  🗺  === 스테이지 211 · [4개 리 월드] 동화리 문화·생활권 ===
  📸 map_211_s15.png
  · s16 stg=211 (0.962,0.833) hp=160 q=final 0/1 정화=13 → 와우리로 가기@0.974,0.813
  🗺  === 스테이지 212 · [4개 리 월드] 와우리 복합문화권 ===
  📸 map_212_s17.png
  · s17 stg=212 (0.045,0.833) hp=160 q=final 0/1 정화=13 → 마지막 상대@0.615,0.294
    ▸ 패널 닫기: bd-district-facility-modal
    ▸ 선택: ▶🔍 조사한다
    💬 [나] 가까이서 살펴보니 어둠 계열의 불안한 기운이 느껴진다...
    ⚔ 전투 시작
    ⚔ undefined 130/130 내HP=160 → ✨정화 스티커 [Q]타이밍 링 [✨정화 스티커 [Q]타이밍 링 ·|🏅배지 스킬 [E]카드에서 골라|🌈모두의 마음 [1]게이지 10|🎒아이템 [I]전투 중에도 회복|🏃물러나기 [ESC]전투 종료 ]
    💬 [담이] ✨담이새 배지 스킬 「안전 점검 라이트」 🔦 을 배웠▌
    💬 [담이] ✨담이새 배지 스킬 「안전 점검 라이트」 🔦 을 배웠어요! 카드에서 골라 써▌
    💬 [담이] ✨담이새 배지 스킬 「안전 점검 라이트」 🔦 을 배웠어요! 카드에서 골라 써 봐요
    💬 [담이] ❗담이직▌
    ⚔ undefined 89/130 내HP=154 → ✨정화 스티커 [Q]타이밍 링 [✨정화 스티커 [Q]타이밍 링 ·|🏅배지 스킬 [E]카드에서 골라|🌈모두의 마음 [1]게이지 10|🎒아이템 [I]전투 중에도 회복|🏃물러나기 [ESC]전투 종료 ]
    💬 [담이] ❗담이직접 한 번 써 봐요! 「안전 점검 라이트▌
    💬 [담이] ❗담이직접 한 번 써 봐요! 「안전 점검 라이트」 를 골라 주세요
    ⚔ undefined 89/130 내HP=154 → ✨정화 스티커 [Q]타이밍 링 [✨정화 스티커 [Q]타이밍 링 ·|🏅배지 스킬 [E]카드에서 골라|🌈모두의 마음 [1]게이지 10|🎒아이템 [I]전투 중에도 회복|🏃물러나기 [ESC]전투 종료 ]
    ⚔ undefined 89/130 내HP=154 → ✨정화 스티커 [Q]타이밍 링 [✨정화 스티커 [Q]타이밍 링 ·|🏅배지 스킬 [E]카드에서 골라|🌈모두의 마음 [1]게이지 10|🎒아이템 [I]전투 중에도 회복|🏃물러나기 [ESC]전투 종료 ]
    ⚔ undefined 89/130 내HP=154 → ✨정화 스티커 [Q]타이밍 링 [✨정화 스티커 [Q]타이밍 링 ·|🏅배지 스킬 [E]카드에서 골라|🌈모두의 마음 [1]게이지 10|🎒아이템 [I]전투 중에도 회복|🏃물러나기 [ESC]전투 종료 ]
    ⚔ undefined 89/130 내HP=154 → ✨정화 스티커 [Q]타이밍 링 [✨정화 스티커 [Q]타이밍 링 ·|🏅배지 스킬 [E]카드에서 골라|🌈모두의 마음 [1]게이지 10|🎒아이템 [I]전투 중에도 회복|🏃물러나기 [ESC]전투 종료 ]
    ✖ 전투 교착 (적 HP 변화 없음)
  📸 BLOCK_battle_stall.png
    ⚔ 전투 시작
    ⚔ undefined 89/130 내HP=154 → ✨정화 스티커 [Q]타이밍 링 [✨정화 스티커 [Q]타이밍 링 ·|🏅배지 스킬 [E]카드에서 골라|🌈모두의 마음 [1]게이지 10|🎒아이템 [I]전투 중에도 회복|🏃물러나기 [ESC]전투 종료 ]
    ⚔ undefined 89/130 내HP=154 → ✨정화 스티커 [Q]타이밍 링 [✨정화 스티커 [Q]타이밍 링 ·|🏅배지 스킬 [E]카드에서 골라|🌈모두의 마음 [1]게이지 10|🎒아이템 [I]전투 중에도 회복|🏃물러나기 [ESC]전투 종료 ]
    ⚔ undefined 89/130 내HP=154 → ✨정화 스티커 [Q]타이밍 링 [✨정화 스티커 [Q]타이밍 링 ·|🏅배지 스킬 [E]카드에서 골라|🌈모두의 마음 [1]게이지 10|🎒아이템 [I]전투 중에도 회복|🏃물러나기 [ESC]전투 종료 ]
    ⚔ undefined 89/130 내HP=154 → ✨정화 스티커 [Q]타이밍 링 [✨정화 스티커 [Q]타이밍 링 ·|🏅배지 스킬 [E]카드에서 골라|🌈모두의 마음 [1]게이지 10|🎒아이템 [I]전투 중에도 회복|🏃물러나기 [ESC]전투 종료 ]
    ⚔ undefined 89/130 내HP=154 → ✨정화 스티커 [Q]타이밍 링 [✨정화 스티커 [Q]타이밍 링 ·|🏅배지 스킬 [E]카드에서 골라|🌈모두의 마음 [1]게이지 10|🎒아이템 [I]전투 중에도 회복|🏃물러나기 [ESC]전투 종료 ]
    ⚔ undefined 89/130 내HP=154 → ✨정화 스티커 [Q]타이밍 링 [✨정화 스티커 [Q]타이밍 링 ·|🏅배지 스킬 [E]카드에서 골라|🌈모두의 마음 [1]게이지 10|🎒아이템 [I]전투 중에도 회복|🏃물러나기 [ESC]전투 종료 ]
    ✖ 전투 교착 (적 HP 변화 없음)
  📸 BLOCK_battle_stall.png
    ⚔ 전투 시작
    ⚔ undefined 89/130 내HP=154 → ✨정화 스티커 [Q]타이밍 링 [✨정화 스티커 [Q]타이밍 링 ·|🏅배지 스킬 [E]카드에서 골라|🌈모두의 마음 [1]게이지 10|🎒아이템 [I]전투 중에도 회복|🏃물러나기 [ESC]전투 종료 ]
    ⚔ undefined 89/130 내HP=154 → ✨정화 스티커 [Q]타이밍 링 [✨정화 스티커 [Q]타이밍 링 ·|🏅배지 스킬 [E]카드에서 골라|🌈모두의 마음 [1]게이지 10|🎒아이템 [I]전투 중에도 회복|🏃물러나기 [ESC]전투 종료 ]
    ⚔ undefined 89/130 내HP=154 → ✨정화 스티커 [Q]타이밍 링 [✨정화 스티커 [Q]타이밍 링 ·|🏅배지 스킬 [E]카드에서 골라|🌈모두의 마음 [1]게이지 10|🎒아이템 [I]전투 중에도 회복|🏃물러나기 [ESC]전투 종료 ]
    ⚔ undefined 89/130 내HP=154 → ✨정화 스티커 [Q]타이밍 링 [✨정화 스티커 [Q]타이밍 링 ·|🏅배지 스킬 [E]카드에서 골라|🌈모두의 마음 [1]게이지 10|🎒아이템 [I]전투 중에도 회복|🏃물러나기 [ESC]전투 종료 ]
    ⚔ undefined 89/130 내HP=154 → ✨정화 스티커 [Q]타이밍 링 [✨정화 스티커 [Q]타이밍 링 ·|🏅배지 스킬 [E]카드에서 골라|🌈모두의 마음 [1]게이지 10|🎒아이템 [I]전투 중에도 회복|🏃물러나기 [ESC]전투 종료 ]
    ⚔ undefined 89/130 내HP=154 → ✨정화 스티커 [Q]타이밍 링 [✨정화 스티커 [Q]타이밍 링 ·|🏅배지 스킬 [E]카드에서 골라|🌈모두의 마음 [1]게이지 10|🎒아이템 [I]전투 중에도 회복|🏃물러나기 [ESC]전투 종료 ]
    ✖ 전투 교착 (적 HP 변화 없음)
  📸 BLOCK_battle_stall.png
    ⚔ 전투 시작
    ⚔ undefined 89/130 내HP=154 → ✨정화 스티커 [Q]타이밍 링 [✨정화 스티커 [Q]타이밍 링 ·|🏅배지 스킬 [E]카드에서 골라|🌈모두의 마음 [1]게이지 10|🎒아이템 [I]전투 중에도 회복|🏃물러나기 [ESC]전투 종료 ]
    ⚔ undefined 89/130 내HP=154 → ✨정화 스티커 [Q]타이밍 링 [✨정화 스티커 [Q]타이밍 링 ·|🏅배지 스킬 [E]카드에서 골라|🌈모두의 마음 [1]게이지 10|🎒아이템 [I]전투 중에도 회복|🏃물러나기 [ESC]전투 종료 ]
    ⚔ undefined 89/130 내HP=154 → ✨정화 스티커 [Q]타이밍 링 [✨정화 스티커 [Q]타이밍 링 ·|🏅배지 스킬 [E]카드에서 골라|🌈모두의 마음 [1]게이지 10|🎒아이템 [I]전투 중에도 회복|🏃물러나기 [ESC]전투 종료 ]
    ⚔ undefined 89/130 내HP=154 → ✨정화 스티커 [Q]타이밍 링 [✨정화 스티커 [Q]타이밍 링 ·|🏅배지 스킬 [E]카드에서 골라|🌈모두의 마음 [1]게이지 10|🎒아이템 [I]전투 중에도 회복|🏃물러나기 [ESC]전투 종료 ]
    ⚔ undefined 89/130 내HP=154 → ✨정화 스티커 [Q]타이밍 링 [✨정화 스티커 [Q]타이밍 링 ·|🏅배지 스킬 [E]카드에서 골라|🌈모두의 마음 [1]게이지 10|🎒아이템 [I]전투 중에도 회복|🏃물러나기 [ESC]전투 종료 ]
    ⚔ undefined 89/130 내HP=154 → ✨정화 스티커 [Q]타이밍 링 [✨정화 스티커 [Q]타이밍 링 ·|🏅배지 스킬 [E]카드에서 골라|🌈모두의 마음 [1]게이지 10|🎒아이템 [I]전투 중에도 회복|🏃물러나기 [ESC]전투 종료 ]
    ✖ 전투 교착 (적 HP 변화 없음)
  📸 BLOCK_battle_stall.png
    ⚔ 전투 시작
    ⚔ undefined 89/130 내HP=154 → ✨정화 스티커 [Q]타이밍 링 [✨정화 스티커 [Q]타이밍 링 ·|🏅배지 스킬 [E]카드에서 골라|🌈모두의 마음 [1]게이지 10|🎒아이템 [I]전투 중에도 회복|🏃물러나기 [ESC]전투 종료 ]
    ⚔ undefined 89/130 내HP=154 → ✨정화 스티커 [Q]타이밍 링 [✨정화 스티커 [Q]타이밍 링 ·|🏅배지 스킬 [E]카드에서 골라|🌈모두의 마음 [1]게이지 10|🎒아이템 [I]전투 중에도 회복|🏃물러나기 [ESC]전투 종료 ]
    ⚔ undefined 89/130 내HP=154 → ✨정화 스티커 [Q]타이밍 링 [✨정화 스티커 [Q]타이밍 링 ·|🏅배지 스킬 [E]카드에서 골라|🌈모두의 마음 [1]게이지 10|🎒아이템 [I]전투 중에도 회복|🏃물러나기 [ESC]전투 종료 ]
    ⚔ undefined 89/130 내HP=154 → ✨정화 스티커 [Q]타이밍 링 [✨정화 스티커 [Q]타이밍 링 ·|🏅배지 스킬 [E]카드에서 골라|🌈모두의 마음 [1]게이지 10|🎒아이템 [I]전투 중에도 회복|🏃물러나기 [ESC]전투 종료 ]
    ⚔ undefined 89/130 내HP=154 → ✨정화 스티커 [Q]타이밍 링 [✨정화 스티커 [Q]타이밍 링 ·|🏅배지 스킬 [E]카드에서 골라|🌈모두의 마음 [1]게이지 10|🎒아이템 [I]전투 중에도 회복|🏃물러나기 [ESC]전투 종료 ]
    ⚔ undefined 89/130 내HP=154 → ✨정화 스티커 [Q]타이밍 링 [✨정화 스티커 [Q]타이밍 링 ·|🏅배지 스킬 [E]카드에서 골라|🌈모두의 마음 [1]게이지 10|🎒아이템 [I]전투 중에도 회복|🏃물러나기 [ESC]전투 종료 ]
    💬 [담이] ✨담이잘했어▌
    ✖ 전투 교착 (적 HP 변화 없음)
  📸 BLOCK_battle_stall.png
    ⚔ 전투 시작
    ⚔ undefined 89/130 내HP=154 → ✨정화 스티커 [Q]타이밍 링 [✨정화 스티커 [Q]타이밍 링 ·|🏅배지 스킬 [E]카드에서 골라|🌈모두의 마음 [1]게이지 10|🎒아이템 [I]전투 중에도 회복|🏃물러나기 [ESC]전투 종료 ]
    ⚔ undefined 7/130 내HP=142 → ✨정화 스티커 [Q]타이밍 링 [✨정화 스티커 [Q]타이밍 링 ·|🏅배지 스킬 [E]카드에서 골라|🌈모두의 마음 [1]게이지 10|🎒아이템 [I]전투 중에도 회복|🏃물러나기 [ESC]전투 종료 ]
    💬 [담이] 🔰담이그림자가 진짜 모습을 드러냈어요…! 「▌
    💬 [담이] 🔰담이그림자가 진짜 모습을 드러냈어요…! 「쌓여있던 위험들」이에요. 마지막까지 힘내▌
    💬 [담이] 🔰담이그림자가 진짜 모습을 드러냈어요…! 「쌓여있던 위험들」이에요. 마지막까지 힘내요!
    ⚔ undefined 96/260 내HP=106 → ✨정화 스티커 [Q]타이밍 링 [✨정화 스티커 [Q]타이밍 링 ·|🏅배지 스킬 [E]카드에서 골라|🌈모두의 마음 [1]게이지 10|🎒아이템 [I]전투 중에도 회복|🏃물러나기 [ESC]전투 종료 ]
    ⚔ 전투 종료 (31s)
    ▸ 모달 처리: bd-result-modal → 확인
    💬 [-] — 쌓여있던 위험들이 천천히 힘을 잃고, 빛 속으로 흩어졌다. —
    💬 [나] …사라졌어. 그런데 이상하게, 이긴 기분보다 홀가분한 기분이 더 커.
    💬 [문화의집 선생님] 그럴 거야. 저건 물리쳐야 할 괴물이라기보다, 아무도 돌보지 않아 쌓인 것들이었으니까.
    💬 [문화의집 선생님] 네가 한 건 싸움이 아니라 치우기였어. 그래서 더 오래 갈 거고.
    💬 [나] 저 혼자 한 건 아니에요. 은지도, 세아도, 재이도, 재현이도, 하늘 씨도, 도윤 약사님도… 다들 먼저 말을 걸어 줬어요.
    💬 [나] 말해 주는 사람이 있으면 보이더라고요. 안 보이면 그냥 지나쳤을 것들이.
    💬 [문화의집 선생님] 그게 지킴이야. 대단한 힘이 아니라, 먼저 알아채고 먼저 손을 대는 것.
    💬 [문화의집 선생님] 그동안 모은 카드로 "봉담 안전 지도"가 완성됐어. 어디가 안전하고, 어디를 더 살펴야 하는지 한눈에 보일 거야.
    💬 [문화의집 선생님] 많이 돌아다녔나 보네. 배지가 처음보다 훨씬 반짝이는 것 같아.
    💬 [나] 봉담에 갈 수 있는 좋은 곳이 생각보다 정말 많았어요. 도움이 필요할 때 어디로 가야 하는지도 알게 됐고요.
    💬 [문화의집 선생님] 그걸 알게 됐다면 배지를 준 보람이 있네.
    💬 [담이] 🔰담이저희 둘만 아는 비밀도 생겼고요.
  · s25 stg=212 (0.669,0.382) hp=105 q=final 1/1 정화=14 → none
  ⚠ 목표 없음 (s25)
  📸 NOGUIDE_s25.png
  ⚠ 목표 없음 (s26)
    💬 [나] 응. 앞으로도 잘 부탁해, 담이.
    💬 [담이] 🔰담이지도에 아직 빈칸이 남았다면 언제든 같이 채우러 가요. 새로운 장소와 이야기는 계속 생기니까요.
  ⚠ 목표 없음 (s27)
  · s28 stg=212 (0.738,0.382) hp=105 q=final 1/1 정화=14 → none
  ⚠ 목표 없음 (s28)
    ▸ 모달 처리: bd-ending-modal → 확인
    💬 [-] — 지도는 완성됐지만, 이야기는 오늘도 이어진다. —
    💬 [-] — 누군가 먼저 알아채고, 먼저 치우는 한 봉담은 계속 조금씩 안전해질 것이다. —
    💬 [-] — 봉담 안전 지도 완성! 함께해 주셔서 고맙습니다. —
  ⚠ 목표 없음 (s29)
    ▸ 모달 처리: bd-ending-modal → 확인
  ⚠ 목표 없음 (s30)
  ⚠ 목표 없음 (s31)
  ⛔ STUCK step32: blocked=true scene=false modal=null placeCard=false spk=null txt=
  BLOCKDETAIL {"b":true,"scene":false,"ov":"none","bdd":"-","modal":null,"dOpen":false,"choice":"none","hsr":false,"arcade":false}
  📸 BLOCK_stuck_s32.png
◇ 청크4 종료: ok=false reason=input-blocked cleared=true stg=212 정화=14 경과=28.2분
  📸 chunk04_stg212.png
FINAL: {"cleared":true,"endingShown":false,"stage":212,"quest":{"id":"final","t":"봉담 안전 지도 완성","cur":1,"need":1},"purified":14,"minutes":28.2,"lastReason":"input-blocked"}
  📸 99_final.png
콘솔 오류: 1
--- console errors (1) ---
  ! Failed to load resource: net::ERR_FILE_NOT_FOUND
